Archive member included to satisfy reference by file (symbol)

/home/users/aag/code/gcc-arm-none-eabi-7-2018-q2-update/bin/../lib/gcc/arm-none-eabi/7.3.1/../../../../arm-none-eabi/lib/thumb/v6-m/libstdc++_nano.a(pure.o)
                              build/main.o (__cxa_pure_virtual)
/home/users/aag/code/gcc-arm-none-eabi-7-2018-q2-update/bin/../lib/gcc/arm-none-eabi/7.3.1/../../../../arm-none-eabi/lib/thumb/v6-m/libstdc++_nano.a(eh_terminate.o)
                              /home/users/aag/code/gcc-arm-none-eabi-7-2018-q2-update/bin/../lib/gcc/arm-none-eabi/7.3.1/../../../../arm-none-eabi/lib/thumb/v6-m/libstdc++_nano.a(pure.o) (std::terminate())
/home/users/aag/code/gcc-arm-none-eabi-7-2018-q2-update/bin/../lib/gcc/arm-none-eabi/7.3.1/../../../../arm-none-eabi/lib/thumb/v6-m/libstdc++_nano.a(eh_term_handler.o)
                              /home/users/aag/code/gcc-arm-none-eabi-7-2018-q2-update/bin/../lib/gcc/arm-none-eabi/7.3.1/../../../../arm-none-eabi/lib/thumb/v6-m/libstdc++_nano.a(eh_terminate.o) (__cxxabiv1::__terminate_handler)
/home/users/aag/code/gcc-arm-none-eabi-7-2018-q2-update/bin/../lib/gcc/arm-none-eabi/7.3.1/../../../../arm-none-eabi/lib/thumb/v6-m/libstdc++_nano.a(eh_unex_handler.o)
                              /home/users/aag/code/gcc-arm-none-eabi-7-2018-q2-update/bin/../lib/gcc/arm-none-eabi/7.3.1/../../../../arm-none-eabi/lib/thumb/v6-m/libstdc++_nano.a(eh_terminate.o) (__cxxabiv1::__unexpected_handler)
/home/users/aag/code/gcc-arm-none-eabi-7-2018-q2-update/bin/../lib/gcc/arm-none-eabi/7.3.1/../../../../arm-none-eabi/lib/thumb/v6-m/libc_nano.a(lib_a-abort.o)
                              /home/users/aag/code/gcc-arm-none-eabi-7-2018-q2-update/bin/../lib/gcc/arm-none-eabi/7.3.1/../../../../arm-none-eabi/lib/thumb/v6-m/libstdc++_nano.a(eh_terminate.o) (abort)
/home/users/aag/code/gcc-arm-none-eabi-7-2018-q2-update/bin/../lib/gcc/arm-none-eabi/7.3.1/../../../../arm-none-eabi/lib/thumb/v6-m/libc_nano.a(lib_a-exit.o)
                              /home/users/aag/code/gcc-arm-none-eabi-7-2018-q2-update/bin/../lib/gcc/arm-none-eabi/7.3.1/../../../../arm-none-eabi/lib/thumb/v6-m/crt0.o (exit)
/home/users/aag/code/gcc-arm-none-eabi-7-2018-q2-update/bin/../lib/gcc/arm-none-eabi/7.3.1/../../../../arm-none-eabi/lib/thumb/v6-m/libc_nano.a(lib_a-impure.o)
                              /home/users/aag/code/gcc-arm-none-eabi-7-2018-q2-update/bin/../lib/gcc/arm-none-eabi/7.3.1/../../../../arm-none-eabi/lib/thumb/v6-m/libc_nano.a(lib_a-exit.o) (_global_impure_ptr)
/home/users/aag/code/gcc-arm-none-eabi-7-2018-q2-update/bin/../lib/gcc/arm-none-eabi/7.3.1/../../../../arm-none-eabi/lib/thumb/v6-m/libc_nano.a(lib_a-init.o)
                              /home/users/aag/code/gcc-arm-none-eabi-7-2018-q2-update/bin/../lib/gcc/arm-none-eabi/7.3.1/../../../../arm-none-eabi/lib/thumb/v6-m/crt0.o (__libc_init_array)
/home/users/aag/code/gcc-arm-none-eabi-7-2018-q2-update/bin/../lib/gcc/arm-none-eabi/7.3.1/../../../../arm-none-eabi/lib/thumb/v6-m/libc_nano.a(lib_a-memset.o)
                              /home/users/aag/code/gcc-arm-none-eabi-7-2018-q2-update/bin/../lib/gcc/arm-none-eabi/7.3.1/../../../../arm-none-eabi/lib/thumb/v6-m/crt0.o (memset)
/home/users/aag/code/gcc-arm-none-eabi-7-2018-q2-update/bin/../lib/gcc/arm-none-eabi/7.3.1/../../../../arm-none-eabi/lib/thumb/v6-m/libc_nano.a(lib_a-signal.o)
                              /home/users/aag/code/gcc-arm-none-eabi-7-2018-q2-update/bin/../lib/gcc/arm-none-eabi/7.3.1/../../../../arm-none-eabi/lib/thumb/v6-m/libc_nano.a(lib_a-abort.o) (raise)
/home/users/aag/code/gcc-arm-none-eabi-7-2018-q2-update/bin/../lib/gcc/arm-none-eabi/7.3.1/../../../../arm-none-eabi/lib/thumb/v6-m/libc_nano.a(lib_a-signalr.o)
                              /home/users/aag/code/gcc-arm-none-eabi-7-2018-q2-update/bin/../lib/gcc/arm-none-eabi/7.3.1/../../../../arm-none-eabi/lib/thumb/v6-m/libc_nano.a(lib_a-signal.o) (_kill_r)
/home/users/aag/code/gcc-arm-none-eabi-7-2018-q2-update/bin/../lib/gcc/arm-none-eabi/7.3.1/../../../../arm-none-eabi/lib/thumb/v6-m/libc_nano.a(lib_a-nano-mallocr.o)
                              /home/users/aag/code/gcc-arm-none-eabi-7-2018-q2-update/bin/../lib/gcc/arm-none-eabi/7.3.1/../../../../arm-none-eabi/lib/thumb/v6-m/libc_nano.a(lib_a-signal.o) (_malloc_r)
/home/users/aag/code/gcc-arm-none-eabi-7-2018-q2-update/bin/../lib/gcc/arm-none-eabi/7.3.1/../../../../arm-none-eabi/lib/thumb/v6-m/libc_nano.a(lib_a-reent.o)
                              /home/users/aag/code/gcc-arm-none-eabi-7-2018-q2-update/bin/../lib/gcc/arm-none-eabi/7.3.1/../../../../arm-none-eabi/lib/thumb/v6-m/libc_nano.a(lib_a-signalr.o) (errno)
/home/users/aag/code/gcc-arm-none-eabi-7-2018-q2-update/bin/../lib/gcc/arm-none-eabi/7.3.1/../../../../arm-none-eabi/lib/thumb/v6-m/libc_nano.a(lib_a-sbrkr.o)
[...]
Memory Configuration

Name             Origin             Length             Attributes
RAM              0x0000000020000000 0x0000000000001000 xrw
FLASH            0x0000000008000000 0x0000000000008000 xr
*default*        0x0000000000000000 0xffffffffffffffff

Linker script and memory map

LOAD /home/users/aag/code/gcc-arm-none-eabi-7-2018-q2-update/bin/../lib/gcc/arm-none-eabi/7.3.1/thumb/v6-m/crti.o
LOAD /home/users/aag/code/gcc-arm-none-eabi-7-2018-q2-update/bin/../lib/gcc/arm-none-eabi/7.3.1/thumb/v6-m/crtbegin.o
LOAD /home/users/aag/code/gcc-arm-none-eabi-7-2018-q2-update/bin/../lib/gcc/arm-none-eabi/7.3.1/../../../../arm-none-eabi/lib/thumb/v6-m/crt0.o
LOAD build/main.o
LOAD build/startup_stm32f030x6.o
LOAD /home/users/aag/code/gcc-arm-none-eabi-7-2018-q2-update/bin/../lib/gcc/arm-none-eabi/7.3.1/../../../../arm-none-eabi/lib/thumb/v6-m/libnosys.a
LOAD /home/users/aag/code/gcc-arm-none-eabi-7-2018-q2-update/bin/../lib/gcc/arm-none-eabi/7.3.1/../../../../arm-none-eabi/lib/thumb/v6-m/libstdc++_nano.a
LOAD /home/users/aag/code/gcc-arm-none-eabi-7-2018-q2-update/bin/../lib/gcc/arm-none-eabi/7.3.1/../../../../arm-none-eabi/lib/thumb/v6-m/libm.a
LOAD /home/users/aag/code/gcc-arm-none-eabi-7-2018-q2-update/bin/../lib/gcc/arm-none-eabi/7.3.1/../../../../arm-none-eabi/lib/thumb/v6-m/libc_nano.a
START GROUP
LOAD /home/users/aag/code/gcc-arm-none-eabi-7-2018-q2-update/bin/../lib/gcc/arm-none-eabi/7.3.1/thumb/v6-m/libgcc.a
LOAD /home/users/aag/code/gcc-arm-none-eabi-7-2018-q2-update/bin/../lib/gcc/arm-none-eabi/7.3.1/../../../../arm-none-eabi/lib/thumb/v6-m/libc_nano.a
END GROUP
START GROUP
LOAD /home/users/aag/code/gcc-arm-none-eabi-7-2018-q2-update/bin/../lib/gcc/arm-none-eabi/7.3.1/thumb/v6-m/libgcc.a
LOAD /home/users/aag/code/gcc-arm-none-eabi-7-2018-q2-update/bin/../lib/gcc/arm-none-eabi/7.3.1/../../../../arm-none-eabi/lib/thumb/v6-m/libc_nano.a
LOAD /home/users/aag/code/gcc-arm-none-eabi-7-2018-q2-update/bin/../lib/gcc/arm-none-eabi/7.3.1/../../../../arm-none-eabi/lib/thumb/v6-m/libnosys.a
END GROUP
START GROUP
LOAD /home/users/aag/code/gcc-arm-none-eabi-7-2018-q2-update/bin/../lib/gcc/arm-none-eabi/7.3.1/thumb/v6-m/libgcc.a
LOAD /home/users/aag/code/gcc-arm-none-eabi-7-2018-q2-update/bin/../lib/gcc/arm-none-eabi/7.3.1/../../../../arm-none-eabi/lib/thumb/v6-m/libc_nano.a
LOAD /home/users/aag/code/gcc-arm-none-eabi-7-2018-q2-update/bin/../lib/gcc/arm-none-eabi/7.3.1/../../../../arm-none-eabi/lib/thumb/v6-m/libnosys.a
END GROUP
LOAD /home/users/aag/code/gcc-arm-none-eabi-7-2018-q2-update/bin/../lib/gcc/arm-none-eabi/7.3.1/thumb/v6-m/crtend.o
LOAD /home/users/aag/code/gcc-arm-none-eabi-7-2018-q2-update/bin/../lib/gcc/arm-none-eabi/7.3.1/thumb/v6-m/crtn.o
                0x0000000020001000                _estack = 0x20001000
                0x0000000000000200                _Min_Heap_Size = 0x200
                0x0000000000000400                _Min_Stack_Size = 0x400

.isr_vector     0x0000000008000000       0xc0
                0x0000000008000000                . = ALIGN (0x4)
 *(.isr_vector)
 .isr_vector    0x0000000008000000       0xc0 build/startup_stm32f030x6.o
                0x0000000008000000                g_pfnVectors
                0x00000000080000c0                . = ALIGN (0x4)

.text           0x00000000080000c0     0x3860
                0x00000000080000c0                . = ALIGN (0x4)
 *(.text)
 .text          0x00000000080000c0       0x48 /home/users/aag/code/gcc-arm-none-eabi-7-2018-q2-update/bin/../lib/gcc/arm-none-eabi/7.3.1/thumb/v6-m/crtbegin.o
 .text          0x0000000008000108      0x114 /home/users/aag/code/gcc-arm-none-eabi-7-2018-q2-update/bin/../lib/gcc/arm-none-eabi/7.3.1/thumb/v6-m/libgcc.a(_udivsi3.o)
                0x0000000008000108                __udivsi3
                0x0000000008000108                __aeabi_uidiv
                0x0000000008000214                __aeabi_uidivmod
 .text          0x000000000800021c        0x4 /home/users/aag/code/gcc-arm-none-eabi-7-2018-q2-update/bin/../lib/gcc/arm-none-eabi/7.3.1/thumb/v6-m/libgcc.a(_dvmd_tls.o)
                0x000000000800021c                __aeabi_ldiv0
                0x000000000800021c                __aeabi_idiv0
 *(.text*)
 .text.NVIC_EnableIRQ
                0x0000000008000220       0x2c build/main.o
 .text._ZN3mcu3RCC3setENS_8RCC_bits4CFGR12AHBprescalerE
                0x000000000800024c       0x34 build/main.o
                0x000000000800024c                mcu::RCC::set(mcu::RCC_bits::CFGR::AHBprescaler)
 .text._ZN3mcu3RCC3setENS_8RCC_bits4CFGR12APBprescalerE
                0x0000000008000280       0x38 build/main.o
                0x0000000008000280                mcu::RCC::set(mcu::RCC_bits::CFGR::APBprescaler)
 .text._ZN3mcu3RCC3setENS_8RCC_bits4CFGR11SystemClockE
                0x00000000080002b8       0x32 build/main.o
                0x00000000080002b8                mcu::RCC::set(mcu::RCC_bits::CFGR::SystemClock)
 *fill*         0x00000000080002ea        0x2 
 .text._ZN3mcu3RCC3setENS_8RCC_bits4CFGR9PLLsourceE
                0x00000000080002ec       0x38 build/main.o
                0x00000000080002ec                mcu::RCC::set(mcu::RCC_bits::CFGR::PLLsource)
 .text._ZN3mcu3RCC3setENS_8RCC_bits4CFGR13PLLmultiplierE
                0x0000000008000324       0x38 build/main.o
                0x0000000008000324                mcu::RCC::set(mcu::RCC_bits::CFGR::PLLmultiplier)
 .text._ZN3mcu3RCC6on_HSEEv
                0x000000000800035c       0x1e build/main.o
                0x000000000800035c                mcu::RCC::on_HSE()
 .text._ZN3mcu3RCC14wait_HSE_readyEv
                0x000000000800037a       0x28 build/main.o
                0x000000000800037a                mcu::RCC::wait_HSE_ready()
 .text._ZN3mcu3RCC6on_PLLEv
                0x00000000080003a2       0x1e build/main.o
                0x00000000080003a2                mcu::RCC::on_PLL()
 .text._ZN3mcu3RCC14wait_PLL_readyEv
                0x00000000080003c0       0x28 build/main.o
                0x00000000080003c0                mcu::RCC::wait_PLL_ready()
 .text._ZN3mcu3RCC13get_APB_clockEv
                0x00000000080003e8       0x6c build/main.o
                0x00000000080003e8                mcu::RCC::get_APB_clock()
 .text._ZN3mcu3RCC5clockENS_6PeriphE
                0x0000000008000454       0x1c build/main.o
                0x0000000008000454                mcu::RCC::clock(mcu::Periph)
 .text._ZnwjPv  0x0000000008000470       0x14 build/main.o
                0x0000000008000470                operator new(unsigned int, void*)
 .text._ZSt3minIjERKT_S2_S2_
                0x0000000008000484       0x24 build/main.o
                0x0000000008000484                unsigned int const& std::min<unsigned int>(unsigned int const&, unsigned int const&)
 .text._ZN9Publisher9subscribeER10Subscriber
                0x00000000080004a8       0x1e build/main.o
                0x00000000080004a8                Publisher::subscribe(Subscriber&)
 .text._ZN9Publisher11unsubscribeER10Subscriber
                0x00000000080004c6       0x1e build/main.o
                0x00000000080004c6                Publisher::unsubscribe(Subscriber&)
 .text._ZN9Publisher6notifyEv
                0x00000000080004e4       0x64 build/main.o
                0x00000000080004e4                Publisher::notify()
 .text._ZN3mcu7SysTick4loadEm
                0x0000000008000548       0x18 build/main.o
                0x0000000008000548                mcu::SysTick::load(unsigned long)
 .text._ZN3mcu7SysTick5clearEv
                0x0000000008000560       0x16 build/main.o
                0x0000000008000560                mcu::SysTick::clear()
 .text._ZN3mcu7SysTick9setSourceENS_12SysTick_bits4CTRL5ClockE
                0x0000000008000576       0x32 build/main.o
                0x0000000008000576                mcu::SysTick::setSource(mcu::SysTick_bits::CTRL::Clock)
 .text._ZN3mcu7SysTick15enableInterruptEv
                0x00000000080005a8       0x1a build/main.o
                0x00000000080005a8                mcu::SysTick::enableInterrupt()
 .text._ZN3mcu7SysTick6enableEv
                0x00000000080005c2       0x1a build/main.o
                0x00000000080005c2                mcu::SysTick::enable()
 .text._ZN4ListI10SubscriberEC2Ev
                0x00000000080005dc       0x1e build/main.o
                0x00000000080005dc                List<Subscriber>::List()
                0x00000000080005dc                List<Subscriber>::List()
 .text._ZN9PublisherC2Ev
                0x00000000080005fa       0x1a build/main.o
                0x00000000080005fa                Publisher::Publisher()
                0x00000000080005fa                Publisher::Publisher()
 .text._ZN11TickUpdaterC2Ev
                0x0000000008000614       0x26 build/main.o
                0x0000000008000614                TickUpdater::TickUpdater()
                0x0000000008000614                TickUpdater::TickUpdater()
 *fill*         0x000000000800063a        0x2 
 .text.SysTick_Handler
                0x000000000800063c       0x18 build/main.o
                0x000000000800063c                SysTick_Handler
 .text._ZN8ListableI10SubscriberEC2Ev
                0x0000000008000654       0x1e build/main.o
                0x0000000008000654                Listable<Subscriber>::Listable()
                0x0000000008000654                Listable<Subscriber>::Listable()
 *fill*         0x0000000008000672        0x2 
 .text._ZN10SubscriberC2Ev
                0x0000000008000674       0x28 build/main.o
                0x0000000008000674                Subscriber::Subscriber()
                0x0000000008000674                Subscriber::Subscriber()
 .text._ZN14TickSubscriberC2Ev
                0x000000000800069c       0x2c build/main.o
                0x000000000800069c                TickSubscriber::TickSubscriber()
                0x000000000800069c                TickSubscriber::TickSubscriber()
 .text._ZN14TickSubscriber16tick_unsubscribeEv
                0x00000000080006c8       0x30 build/main.o
                0x00000000080006c8                TickSubscriber::tick_unsubscribe()
 .text._ZN14TickSubscriber14tick_subscribeEv
                0x00000000080006f8       0x34 build/main.o
                0x00000000080006f8                TickSubscriber::tick_subscribe()
 .text._ZN3mcu4GPIO3setEj
                0x000000000800072c       0x20 build/main.o
                0x000000000800072c                mcu::GPIO::set(unsigned int)
 .text._ZN3mcu4GPIO5clearEj
                0x000000000800074c       0x22 build/main.o
                0x000000000800074c                mcu::GPIO::clear(unsigned int)
 .text._ZN3mcu4GPIO6is_setEj
                0x000000000800076e       0x26 build/main.o
                0x000000000800076e                mcu::GPIO::is_set(unsigned int)
 .text._ZN3PinC2ERN3mcu4GPIOEi
                0x0000000008000794       0x22 build/main.o
                0x0000000008000794                Pin::Pin(mcu::GPIO&, int)
                0x0000000008000794                Pin::Pin(mcu::GPIO&, int)
 .text._ZN3Pin3setEv
                0x00000000080007b6       0x20 build/main.o
                0x00000000080007b6                Pin::set()
 .text._ZN3Pin5clearEv
                0x00000000080007d6       0x20 build/main.o
                0x00000000080007d6                Pin::clear()
 .text._ZN3Pin6is_setEv
                0x00000000080007f6       0x22 build/main.o
                0x00000000080007f6                Pin::is_set()
 .text._ZN3PinaSEb
                0x0000000008000818       0x34 build/main.o
                0x0000000008000818                Pin::operator=(bool)
 .text._ZN3PincvbEv
                0x000000000800084c       0x1a build/main.o
                0x000000000800084c                Pin::operator bool()
 *fill*         0x0000000008000866        0x2 
 .text._ZN3mcu5USART3setENS_10USART_bits3CR16ParityE
                0x0000000008000868       0x38 build/main.o
                0x0000000008000868                mcu::USART::set(mcu::USART_bits::CR1::Parity)
 .text._ZN3mcu5USART3setENS_10USART_bits3CR18DataBitsE
                0x00000000080008a0       0x38 build/main.o
                0x00000000080008a0                mcu::USART::set(mcu::USART_bits::CR1::DataBits)
 .text._ZN3mcu5USART3setENS_10USART_bits3CR28StopBitsE
                0x00000000080008d8       0x38 build/main.o
                0x00000000080008d8                mcu::USART::set(mcu::USART_bits::CR2::StopBits)
 .text._ZN3mcu5USART6enableEv
                0x0000000008000910       0x1c build/main.o
                0x0000000008000910                mcu::USART::enable()
 .text._ZN3mcu5USART9rx_enableEv
                0x000000000800092c       0x1c build/main.o
                0x000000000800092c                mcu::USART::rx_enable()
 .text._ZN3mcu5USART9tx_enableEv
                0x0000000008000948       0x1c build/main.o
                0x0000000008000948                mcu::USART::tx_enable()
 .text._ZN3mcu5USART13DMA_tx_enableEv
                0x0000000008000964       0x1c build/main.o
                0x0000000008000964                mcu::USART::DMA_tx_enable()
 .text._ZN3mcu5USART13DMA_rx_enableEv
                0x0000000008000980       0x1c build/main.o
                0x0000000008000980                mcu::USART::DMA_rx_enable()
 .text._ZN3mcu5USART13parity_enableEv
                0x000000000800099c       0x1e build/main.o
                0x000000000800099c                mcu::USART::parity_enable()
 *fill*         0x00000000080009ba        0x2 
 .text._ZN3mcu5USART14parity_disableEv
                0x00000000080009bc       0x20 build/main.o
                0x00000000080009bc                mcu::USART::parity_disable()
 .text._ZN3mcu5USART13parity_enableEb
                0x00000000080009dc       0x32 build/main.o
                0x00000000080009dc                mcu::USART::parity_enable(bool)
 .text._ZN3mcu5USART21enable_IDLE_interruptEb
                0x0000000008000a0e       0x2e build/main.o
                0x0000000008000a0e                mcu::USART::enable_IDLE_interrupt(bool)
 .text._ZN3mcu5USART17is_IDLE_interruptEv
                0x0000000008000a3c       0x1a build/main.o
                0x0000000008000a3c                mcu::USART::is_IDLE_interrupt()
 .text._ZN3mcu5USART21clear_interrupt_flagsEv
                0x0000000008000a56       0x1c build/main.o
                0x0000000008000a56                mcu::USART::clear_interrupt_flags()
 .text._ZN3mcu5USART16receive_data_adrEv
                0x0000000008000a72       0x14 build/main.o
                0x0000000008000a72                mcu::USART::receive_data_adr()
 .text._ZN3mcu5USART17transmit_data_adrEv
                0x0000000008000a86       0x14 build/main.o
                0x0000000008000a86                mcu::USART::transmit_data_adr()
 *fill*         0x0000000008000a9a        0x2 
 .text._ZN3mcu5USART3setENS0_8BaudrateENS_6PeriphE
                0x0000000008000a9c       0xf8 build/main.o
                0x0000000008000a9c                mcu::USART::set(mcu::USART::Baudrate, mcu::Periph)
 .text._ZN3mcu7registrIVNS_8DMA_bits4IFCREEERVDaRT_
                0x0000000008000b94       0x12 build/main.o
                0x0000000008000b94                auto volatile& mcu::registr<mcu::DMA_bits::IFCR volatile>(mcu::DMA_bits::IFCR volatile&)
 .text._ZN3mcu3DMA21clear_interrupt_flagsENS0_7ChannelE
                0x0000000008000ba6       0x30 build/main.o
                0x0000000008000ba6                mcu::DMA::clear_interrupt_flags(mcu::DMA::Channel)
 .text._ZN3mcu7registrIVNS_8DMA_bits3ISREEERVDaRT_
                0x0000000008000bd6       0x12 build/main.o
                0x0000000008000bd6                auto volatile& mcu::registr<mcu::DMA_bits::ISR volatile>(mcu::DMA_bits::ISR volatile&)
 .text._ZN3mcu3DMA30is_transfer_complete_interruptENS0_7ChannelE
                0x0000000008000be8       0x36 build/main.o
                0x0000000008000be8                mcu::DMA::is_transfer_complete_interrupt(mcu::DMA::Channel)
 .text._ZN3mcu10DMA_stream6enableEv
                0x0000000008000c1e       0x32 build/main.o
                0x0000000008000c1e                mcu::DMA_stream::enable()
 .text._ZN3mcu10DMA_stream7disableEv
                0x0000000008000c50       0x1c build/main.o
                0x0000000008000c50                mcu::DMA_stream::disable()
 .text._ZN3mcu10DMA_stream10inc_memoryEv
                0x0000000008000c6c       0x1c build/main.o
                0x0000000008000c6c                mcu::DMA_stream::inc_memory()
 .text._ZN3mcu10DMA_stream13circular_modeEv
                0x0000000008000c88       0x1c build/main.o
                0x0000000008000c88                mcu::DMA_stream::circular_mode()
 .text._ZN3mcu10DMA_stream14set_memory_adrEm
                0x0000000008000ca4       0x1a build/main.o
                0x0000000008000ca4                mcu::DMA_stream::set_memory_adr(unsigned long)
 .text._ZN3mcu10DMA_stream14set_periph_adrEm
                0x0000000008000cbe       0x1a build/main.o
                0x0000000008000cbe                mcu::DMA_stream::set_periph_adr(unsigned long)
 .text._ZN3mcu10DMA_stream20set_qty_transactionsEt
                0x0000000008000cd8       0x20 build/main.o
                0x0000000008000cd8                mcu::DMA_stream::set_qty_transactions(unsigned short)
 .text._ZN3mcu10DMA_stream3setENS_8DMA_bits3CCR9DirectionE
                0x0000000008000cf8       0x34 build/main.o
                0x0000000008000cf8                mcu::DMA_stream::set(mcu::DMA_bits::CCR::Direction)
 .text._ZN3mcu10DMA_stream11size_memoryENS_8DMA_bits3CCR8DataSizeE
                0x0000000008000d2c       0x38 build/main.o
                0x0000000008000d2c                mcu::DMA_stream::size_memory(mcu::DMA_bits::CCR::DataSize)
 .text._ZN3mcu10DMA_stream11size_periphENS_8DMA_bits3CCR8DataSizeE
                0x0000000008000d64       0x38 build/main.o
                0x0000000008000d64                mcu::DMA_stream::size_periph(mcu::DMA_bits::CCR::DataSize)
 .text._ZN3mcu10DMA_stream34enable_transfer_complete_interruptEv
                0x0000000008000d9c       0x1c build/main.o
                0x0000000008000d9c                mcu::DMA_stream::enable_transfer_complete_interrupt()
 .text._ZN3mcu10DMA_stream21qty_transactions_leftEv
                0x0000000008000db8       0x16 build/main.o
                0x0000000008000db8                mcu::DMA_stream::qty_transactions_left()
 .text._ZN9InterruptC2E9IRQn_Type
                0x0000000008000dce       0x26 build/main.o
                0x0000000008000dce                Interrupt::Interrupt(IRQn_Type)
                0x0000000008000dce                Interrupt::Interrupt(IRQn_Type)
 .text._ZN9Interrupt6enableEv
                0x0000000008000df4       0x24 build/main.o
                0x0000000008000df4                Interrupt::enable()
 .text._ZN9Interrupt9subscribeEP12Interrupting
                0x0000000008000e18       0x3c build/main.o
                0x0000000008000e18                Interrupt::subscribe(Interrupting*)
 .text._ZN9Interrupt9interruptEv
                0x0000000008000e54       0x30 build/main.o
                0x0000000008000e54                Interrupt::interrupt()
 .text.DMA1_Channel1_IRQHandler
                0x0000000008000e84       0x24 build/main.o
                0x0000000008000e84                DMA1_Channel1_IRQHandler
 .text.DMA1_Channel2_3_IRQHandler
                0x0000000008000ea8       0x40 build/main.o
                0x0000000008000ea8                DMA1_Channel2_3_IRQHandler
 .text.DMA1_Channel4_5_IRQHandler
                0x0000000008000ee8        0x6 build/main.o
                0x0000000008000ee8                DMA1_Channel4_5_IRQHandler
 .text.TIM1_CC_IRQHandler
                0x0000000008000eee        0x6 build/main.o
                0x0000000008000eee                TIM1_CC_IRQHandler
 .text.TIM3_IRQHandler
                0x0000000008000ef4        0x6 build/main.o
                0x0000000008000ef4                TIM3_IRQHandler
 .text.TIM14_IRQHandler
                0x0000000008000efa        0x6 build/main.o
                0x0000000008000efa                TIM14_IRQHandler
 .text.TIM16_IRQHandler
                0x0000000008000f00        0x6 build/main.o
                0x0000000008000f00                TIM16_IRQHandler
 .text.TIM17_IRQHandler
                0x0000000008000f06        0x6 build/main.o
                0x0000000008000f06                TIM17_IRQHandler
 .text.USART1_IRQHandler
                0x0000000008000f0c       0x24 build/main.o
                0x0000000008000f0c                USART1_IRQHandler
 .text.init_clock
                0x0000000008000f30        0xe build/main.o
                0x0000000008000f30                init_clock
 .text._ZSt3getILj0EJR3PinS1_S1_S1_EERNSt13tuple_elementIXT_ESt5tupleIJDpT0_EEE4typeERS6_
                0x0000000008000f3e       0x1a build/main.o
                0x0000000008000f3e                std::tuple_element<0u, std::tuple<Pin&, Pin&, Pin&, Pin&> >::type& std::get<0u, Pin&, Pin&, Pin&, Pin&>(std::tuple<Pin&, Pin&, Pin&, Pin&>&)
 .text._ZSt12__get_helperILj0ER3PinJS1_S1_S1_EERT0_RSt11_Tuple_implIXT_EJS2_DpT1_EE
                0x0000000008000f58       0x1a build/main.o
                0x0000000008000f58                Pin& std::__get_helper<0u, Pin&, Pin&, Pin&, Pin&>(std::_Tuple_impl<0u, Pin&, Pin&, Pin&, Pin&>&)
 .text._ZNSt11_Tuple_implILj0EJR3PinS1_S1_S1_EE7_M_headERS2_
                0x0000000008000f72       0x1c build/main.o
                0x0000000008000f72                std::_Tuple_impl<0u, Pin&, Pin&, Pin&, Pin&>::_M_head(std::_Tuple_impl<0u, Pin&, Pin&, Pin&, Pin&>&)
 .text._ZNSt10_Head_baseILj0ER3PinLb0EE7_M_headERS2_
                0x0000000008000f8e       0x14 build/main.o
                0x0000000008000f8e                std::_Head_base<0u, Pin&, false>::_M_head(std::_Head_base<0u, Pin&, false>&)
 .text._ZSt3getILj0EJR3PinS1_S1_S1_EEONSt13tuple_elementIXT_ESt5tupleIJDpT0_EEE4typeEOS6_
                0x0000000008000fa2       0x22 build/main.o
                0x0000000008000fa2                std::tuple_element<0u, std::tuple<Pin&, Pin&, Pin&, Pin&> >::type&& std::get<0u, Pin&, Pin&, Pin&, Pin&>(std::tuple<Pin&, Pin&, Pin&, Pin&>&&)
 .text._ZSt7forwardIR3PinEOT_RNSt16remove_referenceIS2_E4typeE
                0x0000000008000fc4       0x12 build/main.o
                0x0000000008000fc4                Pin& std::forward<Pin&>(std::remove_reference<Pin&>::type&)
 .text._ZSt3getILj1EJR3PinS1_S1_S1_EERNSt13tuple_elementIXT_ESt5tupleIJDpT0_EEE4typeERS6_
                0x0000000008000fd6       0x1a build/main.o
                0x0000000008000fd6                std::tuple_element<1u, std::tuple<Pin&, Pin&, Pin&, Pin&> >::type& std::get<1u, Pin&, Pin&, Pin&, Pin&>(std::tuple<Pin&, Pin&, Pin&, Pin&>&)
 .text._ZSt12__get_helperILj1ER3PinJS1_S1_EERT0_RSt11_Tuple_implIXT_EJS2_DpT1_EE
                0x0000000008000ff0       0x1a build/main.o
                0x0000000008000ff0                Pin& std::__get_helper<1u, Pin&, Pin&, Pin&>(std::_Tuple_impl<1u, Pin&, Pin&, Pin&>&)
 .text._ZNSt11_Tuple_implILj1EJR3PinS1_S1_EE7_M_headERS2_
                0x000000000800100a       0x1c build/main.o
                0x000000000800100a                std::_Tuple_impl<1u, Pin&, Pin&, Pin&>::_M_head(std::_Tuple_impl<1u, Pin&, Pin&, Pin&>&)
 .text._ZNSt10_Head_baseILj1ER3PinLb0EE7_M_headERS2_
                0x0000000008001026       0x14 build/main.o
                0x0000000008001026                std::_Head_base<1u, Pin&, false>::_M_head(std::_Head_base<1u, Pin&, false>&)
 .text._ZSt3getILj1EJR3PinS1_S1_S1_EEONSt13tuple_elementIXT_ESt5tupleIJDpT0_EEE4typeEOS6_
                0x000000000800103a       0x22 build/main.o
                0x000000000800103a                std::tuple_element<1u, std::tuple<Pin&, Pin&, Pin&, Pin&> >::type&& std::get<1u, Pin&, Pin&, Pin&, Pin&>(std::tuple<Pin&, Pin&, Pin&, Pin&>&&)
 .text._ZSt3getILj2EJR3PinS1_S1_S1_EERNSt13tuple_elementIXT_ESt5tupleIJDpT0_EEE4typeERS6_
                0x000000000800105c       0x1a build/main.o
                0x000000000800105c                std::tuple_element<2u, std::tuple<Pin&, Pin&, Pin&, Pin&> >::type& std::get<2u, Pin&, Pin&, Pin&, Pin&>(std::tuple<Pin&, Pin&, Pin&, Pin&>&)
 .text._ZSt12__get_helperILj2ER3PinJS1_EERT0_RSt11_Tuple_implIXT_EJS2_DpT1_EE
                0x0000000008001076       0x1a build/main.o
                0x0000000008001076                Pin& std::__get_helper<2u, Pin&, Pin&>(std::_Tuple_impl<2u, Pin&, Pin&>&)
 .text._ZNSt11_Tuple_implILj2EJR3PinS1_EE7_M_headERS2_
                0x0000000008001090       0x1c build/main.o
                0x0000000008001090                std::_Tuple_impl<2u, Pin&, Pin&>::_M_head(std::_Tuple_impl<2u, Pin&, Pin&>&)
 .text._ZNSt10_Head_baseILj2ER3PinLb0EE7_M_headERS2_
                0x00000000080010ac       0x14 build/main.o
                0x00000000080010ac                std::_Head_base<2u, Pin&, false>::_M_head(std::_Head_base<2u, Pin&, false>&)
 .text._ZSt3getILj2EJR3PinS1_S1_S1_EEONSt13tuple_elementIXT_ESt5tupleIJDpT0_EEE4typeEOS6_
                0x00000000080010c0       0x22 build/main.o
                0x00000000080010c0                std::tuple_element<2u, std::tuple<Pin&, Pin&, Pin&, Pin&> >::type&& std::get<2u, Pin&, Pin&, Pin&, Pin&>(std::tuple<Pin&, Pin&, Pin&, Pin&>&&)
 .text._ZSt3getILj3EJR3PinS1_S1_S1_EERNSt13tuple_elementIXT_ESt5tupleIJDpT0_EEE4typeERS6_
                0x00000000080010e2       0x1a build/main.o
                0x00000000080010e2                std::tuple_element<3u, std::tuple<Pin&, Pin&, Pin&, Pin&> >::type& std::get<3u, Pin&, Pin&, Pin&, Pin&>(std::tuple<Pin&, Pin&, Pin&, Pin&>&)
 .text._ZSt12__get_helperILj3ER3PinJEERT0_RSt11_Tuple_implIXT_EJS2_DpT1_EE
                0x00000000080010fc       0x1a build/main.o
                0x00000000080010fc                Pin& std::__get_helper<3u, Pin&>(std::_Tuple_impl<3u, Pin&>&)
 .text._ZNSt11_Tuple_implILj3EJR3PinEE7_M_headERS2_
                0x0000000008001116       0x1a build/main.o
                0x0000000008001116                std::_Tuple_impl<3u, Pin&>::_M_head(std::_Tuple_impl<3u, Pin&>&)
 .text._ZNSt10_Head_baseILj3ER3PinLb0EE7_M_headERS2_
                0x0000000008001130       0x14 build/main.o
                0x0000000008001130                std::_Head_base<3u, Pin&, false>::_M_head(std::_Head_base<3u, Pin&, false>&)
 .text._ZSt3getILj3EJR3PinS1_S1_S1_EEONSt13tuple_elementIXT_ESt5tupleIJDpT0_EEE4typeEOS6_
                0x0000000008001144       0x22 build/main.o
                0x0000000008001144                std::tuple_element<3u, std::tuple<Pin&, Pin&, Pin&, Pin&> >::type&& std::get<3u, Pin&, Pin&, Pin&, Pin&>(std::tuple<Pin&, Pin&, Pin&, Pin&>&&)
 *fill*         0x0000000008001166        0x2 
 .text._ZN3Pin4makeIN3mcu4Pin_ILNS1_6PeriphE1ELi2EEELNS1_7PinModeE4EEERDav
                0x0000000008001168       0x4c build/main.o
                0x0000000008001168                auto& Pin::make<mcu::Pin_<(mcu::Periph)1, 2>, (mcu::PinMode)4>()
 .text._ZN3Pin4makeIN3mcu4Pin_ILNS1_6PeriphE1ELi3EEELNS1_7PinModeE4EEERDav
                0x00000000080011b4       0x4c build/main.o
                0x00000000080011b4                auto& Pin::make<mcu::Pin_<(mcu::Periph)1, 3>, (mcu::PinMode)4>()
 .text._ZN3Pin4makeIN3mcu4Pin_ILNS1_6PeriphE2ELi1EEELNS1_7PinModeE1EEERDav
                0x0000000008001200       0x4c build/main.o
                0x0000000008001200                auto& Pin::make<mcu::Pin_<(mcu::Periph)2, 1>, (mcu::PinMode)1>()
 .text._ZN3mcu10DMA_stream7channelILNS_6PeriphE6ELS2_9EEENS_3DMA7ChannelEv
                0x000000000800124c        0xc build/main.o
                0x000000000800124c                mcu::DMA::Channel mcu::DMA_stream::channel<(mcu::Periph)6, (mcu::Periph)9>()
 .text._Z13get_interruptILN3mcu6PeriphE6EERDav
                0x0000000008001258       0x10 build/main.o
                0x0000000008001258                auto& get_interrupt<(mcu::Periph)6>()
 .text._ZN10Net_bufferILj255EE4baseEv
                0x0000000008001268       0x12 build/main.o
                0x0000000008001268                Net_buffer<255u>::base()
 .text._ZN10Net_bufferILj255EE5beginEv
                0x000000000800127a       0x2c build/main.o
                0x000000000800127a                Net_buffer<255u>::begin()
 *fill*         0x00000000080012a6        0x2 
 .text._Z13get_interruptILN3mcu6PeriphE9EERDav
                0x00000000080012a8       0x10 build/main.o
                0x00000000080012a8                auto& get_interrupt<(mcu::Periph)9>()
 .text._ZN10UART_sizedILj255EE4makeILN3mcu6PeriphE6ENS2_4Pin_ILS3_1ELi2EEENS4_ILS3_1ELi3EEENS4_ILS3_2ELi1EEEEERDav
                0x00000000080012b8      0x1b8 build/main.o
                0x00000000080012b8                auto& UART_sized<255u>::make<(mcu::Periph)6, mcu::Pin_<(mcu::Periph)1, 2>, mcu::Pin_<(mcu::Periph)1, 3>, mcu::Pin_<(mcu::Periph)2, 1> >()
 .text._ZN12Modbus_slaveIZ4mainE7In_regsZ4mainE8Out_regsE4makeILN3mcu6PeriphE6ENS4_4Pin_ILS5_1ELi2EEENS6_ILS5_1ELi3EEENS6_ILS5_2ELi1EEEEERDahN10UART_sizedILj255EE8SettingsE
                0x0000000008001470       0xbc build/main.o
 .text._ZZ4mainENKUltE_clEt
                0x000000000800152c      0x124 build/main.o
 .text.main     0x0000000008001650      0x1ae build/main.o
                0x0000000008001650                main
 .text._ZN4ListI10SubscriberE9push_backERS0_
                0x00000000080017fe       0x3e build/main.o
                0x00000000080017fe                List<Subscriber>::push_back(Subscriber&)
 .text._ZN4ListI10SubscriberE6removeERS0_
                0x000000000800183c       0xa0 build/main.o
                0x000000000800183c                List<Subscriber>::remove(Subscriber&)
 .text._ZN4ListI10SubscriberE5beginEv
                0x00000000080018dc       0x22 build/main.o
                0x00000000080018dc                List<Subscriber>::begin()
 .text._ZN4ListI10SubscriberE8IteratorC2Ev
                0x00000000080018fe       0x18 build/main.o
                0x00000000080018fe                List<Subscriber>::Iterator::Iterator()
                0x00000000080018fe                List<Subscriber>::Iterator::Iterator()
 .text._ZN4ListI10SubscriberE3endEv
                0x0000000008001916       0x20 build/main.o
                0x0000000008001916                List<Subscriber>::end()
 .text._ZNK4ListI10SubscriberE8IteratorneERKS2_
                0x0000000008001936       0x22 build/main.o
                0x0000000008001936                List<Subscriber>::Iterator::operator!=(List<Subscriber>::Iterator const&) const
 .text._ZN4ListI10SubscriberE8IteratorppEv
                0x0000000008001958       0x1c build/main.o
                0x0000000008001958                List<Subscriber>::Iterator::operator++()
 .text._ZNK4ListI10SubscriberE8IteratordeEv
                0x0000000008001974       0x14 build/main.o
                0x0000000008001974                List<Subscriber>::Iterator::operator*() const
 .text._ZN3mcu14make_referenceILNS_6PeriphE13EEENSt9enable_ifIXeqT_LS1_13EERNS_7SysTickEE4typeEv
                0x0000000008001988       0x10 build/main.o
                0x0000000008001988                std::enable_if<((mcu::Periph)13)==((mcu::Periph)13), mcu::SysTick&>::type mcu::make_reference<(mcu::Periph)13>()
 .text._ZN3mcu7SysTick13initInterruptILt1EEEvv
                0x0000000008001998       0x48 build/main.o
                0x0000000008001998                void mcu::SysTick::initInterrupt<(unsigned short)1>()
 .text._ZN3mcu14make_referenceILNS_6PeriphE0EEENSt9enable_ifIXeqT_LS1_0EERNS_3RCCEE4typeEv
                0x00000000080019e0       0x10 build/main.o
                0x00000000080019e0                std::enable_if<((mcu::Periph)0)==((mcu::Periph)0), mcu::RCC&>::type mcu::make_reference<(mcu::Periph)0>()
 .text._ZN3mcu14make_referenceILNS_6PeriphE7EEENSt9enable_ifIXeqT_LS1_7EERNS_3DMAEE4typeEv
                0x00000000080019f0       0x1c build/main.o
                0x00000000080019f0                std::enable_if<((mcu::Periph)7)==((mcu::Periph)7), mcu::DMA&>::type mcu::make_reference<(mcu::Periph)7>()
 .text._ZN3mcu14make_referenceILNS_6PeriphE6EEENSt9enable_ifIXeqT_LS1_6EERNS_5USARTEE4typeEv
                0x0000000008001a0c       0x10 build/main.o
                0x0000000008001a0c                std::enable_if<((mcu::Periph)6)==((mcu::Periph)6), mcu::USART&>::type mcu::make_reference<(mcu::Periph)6>()
 .text._Z10init_clockILj8000000ELj48000000EENSt9enable_ifIXaaeqT_clL_Zli4_MHzyELy8EEeqT0_clL_Zli4_MHzyELy48EEEvE4typeEv
                0x0000000008001a1c       0x60 build/main.o
                0x0000000008001a1c                std::enable_if<((8000000u)==((operator"" _MHz)(8ull)))&&((48000000u)==((operator"" _MHz)(48ull))), void>::type init_clock<8000000u, 48000000u>()
 .text._ZN3Pin4makeIN3mcu4Pin_ILNS1_6PeriphE2ELi0EEELNS1_7PinModeE1EEERDav
                0x0000000008001a7c       0x4c build/main.o
                0x0000000008001a7c                auto& Pin::make<mcu::Pin_<(mcu::Periph)2, 0>, (mcu::PinMode)1>()
 .text._ZN3Pin4makeIN3mcu4Pin_ILNS1_6PeriphE1ELi7EEELNS1_7PinModeE1EEERDav
                0x0000000008001ac8       0x4c build/main.o
                0x0000000008001ac8                auto& Pin::make<mcu::Pin_<(mcu::Periph)1, 7>, (mcu::PinMode)1>()
 .text._ZN3Pin4makeIN3mcu4Pin_ILNS1_6PeriphE1ELi6EEELNS1_7PinModeE1EEERDav
                0x0000000008001b14       0x4c build/main.o
                0x0000000008001b14                auto& Pin::make<mcu::Pin_<(mcu::Periph)1, 6>, (mcu::PinMode)1>()
 .text._ZN3Pin4makeIN3mcu4Pin_ILNS1_6PeriphE1ELi5EEELNS1_7PinModeE1EEERDav
                0x0000000008001b60       0x4c build/main.o
                0x0000000008001b60                auto& Pin::make<mcu::Pin_<(mcu::Periph)1, 5>, (mcu::PinMode)1>()
 .text._Z9make_pinsILN3mcu7PinModeE1EJNS0_4Pin_ILNS0_6PeriphE2ELi0EEENS2_ILS3_1ELi7EEENS2_ILS3_1ELi6EEENS2_ILS3_1ELi5EEEEEN4meta19tuple_generate_implIR3PinNSt22_Make_integer_sequenceIjXsZT0_ENSt18_Build_index_tupleIXsZT0_EE6__typeEE6__typeEE4typeEv
                0x0000000008001bac       0x36 build/main.o
                0x0000000008001bac                meta::tuple_generate_impl<Pin&, std::_Make_integer_sequence<unsigned int, sizeof (mcu::Pin_<(mcu::Periph)2, 0>, mcu::Pin_<(mcu::Periph)1, 7>, mcu::Pin_<(mcu::Periph)1, 6>, mcu::Pin_<(mcu::Periph)1, 5>), std::_Build_index_tuple<sizeof (mcu::Pin_<(mcu::Periph)2, 0>, mcu::Pin_<(mcu::Periph)1, 7>, mcu::Pin_<(mcu::Periph)1, 6>, mcu::Pin_<(mcu::Periph)1, 5>)>::__type>::__type>::type make_pins<(mcu::PinMode)1, mcu::Pin_<(mcu::Periph)2, 0>, mcu::Pin_<(mcu::Periph)1, 7>, mcu::Pin_<(mcu::Periph)1, 6>, mcu::Pin_<(mcu::Periph)1, 5> >()
                0x0000000008001bac                meta::tuple_generate_impl<Pin&, std::_Make_integer_sequence<unsigned int, 4, std::_Build_index_tuple<4>::__type>::__type>::type make_pins<(mcu::PinMode)1, mcu::Pin_<(mcu::Periph)2, 0>, mcu::Pin_<(mcu::Periph)1, 7>, mcu::Pin_<(mcu::Periph)1, 6>, mcu::Pin_<(mcu::Periph)1, 5> >()
 *fill*         0x0000000008001be2        0x2 
 .text._ZN3Pin4makeIN3mcu4Pin_ILNS1_6PeriphE1ELi9EEELNS1_7PinModeE0EEERDav
                0x0000000008001be4       0x4c build/main.o
                0x0000000008001be4                auto& Pin::make<mcu::Pin_<(mcu::Periph)1, 9>, (mcu::PinMode)0>()
 .text._ZN3Pin4makeIN3mcu4Pin_ILNS1_6PeriphE1ELi8EEELNS1_7PinModeE0EEERDav
                0x0000000008001c30       0x4c build/main.o
                0x0000000008001c30                auto& Pin::make<mcu::Pin_<(mcu::Periph)1, 8>, (mcu::PinMode)0>()
 .text._ZN3Pin4makeIN3mcu4Pin_ILNS1_6PeriphE2ELi15EEELNS1_7PinModeE0EEERDav
                0x0000000008001c7c       0x4c build/main.o
                0x0000000008001c7c                auto& Pin::make<mcu::Pin_<(mcu::Periph)2, 15>, (mcu::PinMode)0>()
 .text._ZN3Pin4makeIN3mcu4Pin_ILNS1_6PeriphE2ELi14EEELNS1_7PinModeE0EEERDav
                0x0000000008001cc8       0x4c build/main.o
                0x0000000008001cc8                auto& Pin::make<mcu::Pin_<(mcu::Periph)2, 14>, (mcu::PinMode)0>()
 .text._Z9make_pinsILN3mcu7PinModeE0EJNS0_4Pin_ILNS0_6PeriphE1ELi9EEENS2_ILS3_1ELi8EEENS2_ILS3_2ELi15EEENS2_ILS3_2ELi14EEEEEN4meta19tuple_generate_implIR3PinNSt22_Make_integer_sequenceIjXsZT0_ENSt18_Build_index_tupleIXsZT0_EE6__typeEE6__typeEE4typeEv
                0x0000000008001d14       0x36 build/main.o
                0x0000000008001d14                meta::tuple_generate_impl<Pin&, std::_Make_integer_sequence<unsigned int, sizeof (mcu::Pin_<(mcu::Periph)1, 9>, mcu::Pin_<(mcu::Periph)1, 8>, mcu::Pin_<(mcu::Periph)2, 15>, mcu::Pin_<(mcu::Periph)2, 14>), std::_Build_index_tuple<sizeof (mcu::Pin_<(mcu::Periph)1, 9>, mcu::Pin_<(mcu::Periph)1, 8>, mcu::Pin_<(mcu::Periph)2, 15>, mcu::Pin_<(mcu::Periph)2, 14>)>::__type>::__type>::type make_pins<(mcu::PinMode)0, mcu::Pin_<(mcu::Periph)1, 9>, mcu::Pin_<(mcu::Periph)1, 8>, mcu::Pin_<(mcu::Periph)2, 15>, mcu::Pin_<(mcu::Periph)2, 14> >()
                0x0000000008001d14                meta::tuple_generate_impl<Pin&, std::_Make_integer_sequence<unsigned int, 4, std::_Build_index_tuple<4>::__type>::__type>::type make_pins<(mcu::PinMode)0, mcu::Pin_<(mcu::Periph)1, 9>, mcu::Pin_<(mcu::Periph)1, 8>, mcu::Pin_<(mcu::Periph)2, 15>, mcu::Pin_<(mcu::Periph)2, 14> >()
 .text._ZN3mcu5USART17pin_static_assertILNS_6PeriphE6ENS_4Pin_ILS2_1ELi2EEENS3_ILS2_1ELi3EEEEEvv
                0x0000000008001d4a        0xa build/main.o
                0x0000000008001d4a                void mcu::USART::pin_static_assert<(mcu::Periph)6, mcu::Pin_<(mcu::Periph)1, 2>, mcu::Pin_<(mcu::Periph)1, 3> >()
 .text._ZN3mcu14make_referenceILNS_6PeriphE1EEENSt9enable_ifIXeqT_LS1_1EERNS_4GPIOEE4typeEv
                0x0000000008001d54        0xe build/main.o
                0x0000000008001d54                std::enable_if<((mcu::Periph)1)==((mcu::Periph)1), mcu::GPIO&>::type mcu::make_reference<(mcu::Periph)1>()
 .text._ZN3mcu3RCC12clock_enableILNS_6PeriphE1EEEvv
                0x0000000008001d62       0x1c build/main.o
                0x0000000008001d62                void mcu::RCC::clock_enable<(mcu::Periph)1>()
 .text._ZN3mcu4GPIO4initINS_4Pin_ILNS_6PeriphE1ELi2EEELNS_7PinModeE4EEEvv
                0x0000000008001d7e       0x24 build/main.o
                0x0000000008001d7e                void mcu::GPIO::init<mcu::Pin_<(mcu::Periph)1, 2>, (mcu::PinMode)4>()
 .text._ZN3mcu4GPIO4initINS_4Pin_ILNS_6PeriphE1ELi3EEELNS_7PinModeE4EEEvv
                0x0000000008001da2       0x24 build/main.o
                0x0000000008001da2                void mcu::GPIO::init<mcu::Pin_<(mcu::Periph)1, 3>, (mcu::PinMode)4>()
 *fill*         0x0000000008001dc6        0x2 
 .text._ZN3mcu14make_referenceILNS_6PeriphE2EEENSt9enable_ifIXeqT_LS1_2EERNS_4GPIOEE4typeEv
                0x0000000008001dc8       0x10 build/main.o
                0x0000000008001dc8                std::enable_if<((mcu::Periph)2)==((mcu::Periph)2), mcu::GPIO&>::type mcu::make_reference<(mcu::Periph)2>()
 .text._ZN3mcu3RCC12clock_enableILNS_6PeriphE2EEEvv
                0x0000000008001dd8       0x1c build/main.o
                0x0000000008001dd8                void mcu::RCC::clock_enable<(mcu::Periph)2>()
 .text._ZN3mcu4GPIO4initINS_4Pin_ILNS_6PeriphE2ELi1EEELNS_7PinModeE1EEEvv
                0x0000000008001df4       0x1a build/main.o
                0x0000000008001df4                void mcu::GPIO::init<mcu::Pin_<(mcu::Periph)2, 1>, (mcu::PinMode)1>()
 *fill*         0x0000000008001e0e        0x2 
 .text._ZN3mcu14make_referenceILNS_6PeriphE9EEENSt9enable_ifIXeqT_LS1_9EERNS_10DMA_streamEE4typeEv
                0x0000000008001e10       0x10 build/main.o
                0x0000000008001e10                std::enable_if<((mcu::Periph)9)==((mcu::Periph)9), mcu::DMA_stream&>::type mcu::make_reference<(mcu::Periph)9>()
 .text._ZN3mcu14make_referenceILNS_6PeriphE10EEENSt9enable_ifIXeqT_LS1_10EERNS_10DMA_streamEE4typeEv
                0x0000000008001e20       0x10 build/main.o
                0x0000000008001e20                std::enable_if<((mcu::Periph)10)==((mcu::Periph)10), mcu::DMA_stream&>::type mcu::make_reference<(mcu::Periph)10>()
 .text._ZN10Net_bufferILj255EEC2Ev
                0x0000000008001e30       0x26 build/main.o
                0x0000000008001e30                Net_buffer<255u>::Net_buffer()
                0x0000000008001e30                Net_buffer<255u>::Net_buffer()
 .text._ZN10UART_sizedILj255EEC2ER3PinS2_S2_RN3mcu5USARTERNS3_3DMAERNS3_10DMA_streamES9_NS3_6PeriphENS6_7ChannelE
                0x0000000008001e56       0x7a build/main.o
                0x0000000008001e56                UART_sized<255u>::UART_sized(Pin&, Pin&, Pin&, mcu::USART&, mcu::DMA&, mcu::DMA_stream&, mcu::DMA_stream&, mcu::Periph, mcu::DMA::Channel)
                0x0000000008001e56                UART_sized<255u>::UART_sized(Pin&, Pin&, Pin&, mcu::USART&, mcu::DMA&, mcu::DMA_stream&, mcu::DMA_stream&, mcu::Periph, mcu::DMA::Channel)
 .text._ZN3mcu3RCC12clock_enableILNS_6PeriphE6EEEvv
                0x0000000008001ed0       0x1c build/main.o
                0x0000000008001ed0                void mcu::RCC::clock_enable<(mcu::Periph)6>()
 .text._ZN3mcu3RCC12clock_enableILNS_6PeriphE7EEEvv
                0x0000000008001eec       0x1a build/main.o
                0x0000000008001eec                void mcu::RCC::clock_enable<(mcu::Periph)7>()
 .text._ZNSt5arrayIhLj255EE5beginEv
                0x0000000008001f06       0x1a build/main.o
                0x0000000008001f06                std::array<unsigned char, 255u>::begin()
 .text._ZN12Modbus_slaveIZ4mainE7In_regsZ4mainE8Out_regsEC2EhR10UART_sizedILj255EER9InterruptS7_
                0x0000000008001f20       0xe0 build/main.o
 .text._ZN10UART_sizedILj255EE4initERKNS0_8SettingsE
                0x0000000008002000       0x8c build/main.o
                0x0000000008002000                UART_sized<255u>::init(UART_sized<255u>::Settings const&)
 .text._ZN10UART_sizedILj255EE7receiveEv
                0x000000000800208c       0x6c build/main.o
                0x000000000800208c                UART_sized<255u>::receive()
 .text._ZN10Net_bufferILj255EE4sizeEv
                0x00000000080020f8       0x22 build/main.o
                0x00000000080020f8                Net_buffer<255u>::size()
 .text._ZN12Modbus_slaveIZ4mainE7In_regsZ4mainE8Out_regsEclIZ4mainEUltE_EEvT_
                0x000000000800211a      0x156 build/main.o
 .text._ZN4ListI10SubscriberE8IteratorC2EPS0_
                0x0000000008002270       0x1a build/main.o
                0x0000000008002270                List<Subscriber>::Iterator::Iterator(Subscriber*)
                0x0000000008002270                List<Subscriber>::Iterator::Iterator(Subscriber*)
 .text._ZN3mcu4GPIO4initINS_4Pin_ILNS_6PeriphE2ELi0EEELNS_7PinModeE1EEEvv
                0x000000000800228a       0x1a build/main.o
                0x000000000800228a                void mcu::GPIO::init<mcu::Pin_<(mcu::Periph)2, 0>, (mcu::PinMode)1>()
 .text._ZN3mcu4GPIO4initINS_4Pin_ILNS_6PeriphE1ELi7EEELNS_7PinModeE1EEEvv
                0x00000000080022a4       0x1a build/main.o
                0x00000000080022a4                void mcu::GPIO::init<mcu::Pin_<(mcu::Periph)1, 7>, (mcu::PinMode)1>()
 .text._ZN3mcu4GPIO4initINS_4Pin_ILNS_6PeriphE1ELi6EEELNS_7PinModeE1EEEvv
                0x00000000080022be       0x1a build/main.o
                0x00000000080022be                void mcu::GPIO::init<mcu::Pin_<(mcu::Periph)1, 6>, (mcu::PinMode)1>()
 .text._ZN3mcu4GPIO4initINS_4Pin_ILNS_6PeriphE1ELi5EEELNS_7PinModeE1EEEvv
                0x00000000080022d8       0x1a build/main.o
                0x00000000080022d8                void mcu::GPIO::init<mcu::Pin_<(mcu::Periph)1, 5>, (mcu::PinMode)1>()
 .text._ZSt3tieIJ3PinS0_S0_S0_EESt5tupleIJDpRT_EES4_
                0x00000000080022f2       0x28 build/main.o
                0x00000000080022f2                std::tuple<Pin&, Pin&, Pin&, Pin&> std::tie<Pin, Pin, Pin, Pin>(Pin&, Pin&, Pin&, Pin&)
 .text._ZN3mcu4GPIO4initINS_4Pin_ILNS_6PeriphE1ELi9EEELNS_7PinModeE0EEEvv
                0x000000000800231a       0x1a build/main.o
                0x000000000800231a                void mcu::GPIO::init<mcu::Pin_<(mcu::Periph)1, 9>, (mcu::PinMode)0>()
 .text._ZN3mcu4GPIO4initINS_4Pin_ILNS_6PeriphE1ELi8EEELNS_7PinModeE0EEEvv
                0x0000000008002334       0x1a build/main.o
                0x0000000008002334                void mcu::GPIO::init<mcu::Pin_<(mcu::Periph)1, 8>, (mcu::PinMode)0>()
 .text._ZN3mcu4GPIO4initINS_4Pin_ILNS_6PeriphE2ELi15EEELNS_7PinModeE0EEEvv
                0x000000000800234e       0x1a build/main.o
                0x000000000800234e                void mcu::GPIO::init<mcu::Pin_<(mcu::Periph)2, 15>, (mcu::PinMode)0>()
 .text._ZN3mcu4GPIO4initINS_4Pin_ILNS_6PeriphE2ELi14EEELNS_7PinModeE0EEEvv
                0x0000000008002368       0x1a build/main.o
                0x0000000008002368                void mcu::GPIO::init<mcu::Pin_<(mcu::Periph)2, 14>, (mcu::PinMode)0>()
 .text._ZN3mcu4GPIO3setILj2EEERS0_NS_9GPIO_bits5MODER4ModeE
                0x0000000008002382       0x34 build/main.o
                0x0000000008002382                mcu::GPIO& mcu::GPIO::set<2u>(mcu::GPIO_bits::MODER::Mode)
 *fill*         0x00000000080023b6        0x2 
 .text._ZN3mcu4GPIO3setILj2EEERS0_NS_9GPIO_bits3AFR2AFE
                0x00000000080023b8       0x38 build/main.o
                0x00000000080023b8                mcu::GPIO& mcu::GPIO::set<2u>(mcu::GPIO_bits::AFR::AF)
 .text._ZN3mcu4GPIO3setILj3EEERS0_NS_9GPIO_bits5MODER4ModeE
                0x00000000080023f0       0x34 build/main.o
                0x00000000080023f0                mcu::GPIO& mcu::GPIO::set<3u>(mcu::GPIO_bits::MODER::Mode)
 .text._ZN3mcu4GPIO3setILj3EEERS0_NS_9GPIO_bits3AFR2AFE
                0x0000000008002424       0x38 build/main.o
                0x0000000008002424                mcu::GPIO& mcu::GPIO::set<3u>(mcu::GPIO_bits::AFR::AF)
 .text._ZN3mcu4GPIO3setILj1EEERS0_NS_9GPIO_bits5MODER4ModeE
                0x000000000800245c       0x34 build/main.o
                0x000000000800245c                mcu::GPIO& mcu::GPIO::set<1u>(mcu::GPIO_bits::MODER::Mode)
 .text._ZNSt5arrayIhLj255EE4dataEv
                0x0000000008002490       0x1a build/main.o
                0x0000000008002490                std::array<unsigned char, 255u>::data()
 *fill*         0x00000000080024aa        0x2 
 .text._ZN12InterruptingC2Ev
                0x00000000080024ac       0x24 build/main.o
                0x00000000080024ac                Interrupting::Interrupting()
                0x00000000080024ac                Interrupting::Interrupting()
 .text._ZN12Modbus_slaveIZ4mainE7In_regsZ4mainE8Out_regsE14uart_interruptC2ERS2_
                0x00000000080024d0       0x3c build/main.o
 .text._ZN12Modbus_slaveIZ4mainE7In_regsZ4mainE8Out_regsE13dma_interruptC2ERS2_
                0x000000000800250c       0x3c build/main.o
 .text._ZN10Net_bufferILj255EE5clearEv
                0x0000000008002548       0x24 build/main.o
                0x0000000008002548                Net_buffer<255u>::clear()
 .text._ZN10UART_sizedILj255EE12is_receivingEv
                0x000000000800256c       0x38 build/main.o
                0x000000000800256c                UART_sized<255u>::is_receiving()
 .text._ZN10Net_bufferILj255EE5frontEv
                0x00000000080025a4       0x28 build/main.o
                0x00000000080025a4                Net_buffer<255u>::front()
 .text._ZN10Net_bufferILj255EE3endEv
                0x00000000080025cc       0x2c build/main.o
                0x00000000080025cc                Net_buffer<255u>::end()
 .text._Z5CRC16IPhEDaT_S1_
                0x00000000080025f8       0x80 build/main.o
                0x00000000080025f8                auto CRC16<unsigned char*>(unsigned char*, unsigned char*)
 .text._ZSt3getILj0EJhhEERNSt13tuple_elementIXT_ESt5tupleIJDpT0_EEE4typeERS4_
                0x0000000008002678       0x1a build/main.o
                0x0000000008002678                std::tuple_element<0u, std::tuple<unsigned char, unsigned char> >::type& std::get<0u, unsigned char, unsigned char>(std::tuple<unsigned char, unsigned char>&)
 .text._ZSt12__get_helperILj0EhJhEERT0_RSt11_Tuple_implIXT_EJS0_DpT1_EE
                0x0000000008002692       0x1a build/main.o
                0x0000000008002692                unsigned char& std::__get_helper<0u, unsigned char, unsigned char>(std::_Tuple_impl<0u, unsigned char, unsigned char>&)
 .text._ZNSt11_Tuple_implILj0EJhhEE7_M_headERS0_
                0x00000000080026ac       0x1c build/main.o
                0x00000000080026ac                std::_Tuple_impl<0u, unsigned char, unsigned char>::_M_head(std::_Tuple_impl<0u, unsigned char, unsigned char>&)
 .text._ZNSt10_Head_baseILj0EhLb0EE7_M_headERS0_
                0x00000000080026c8       0x12 build/main.o
                0x00000000080026c8                std::_Head_base<0u, unsigned char, false>::_M_head(std::_Head_base<0u, unsigned char, false>&)
 .text._ZSt3getILj0EJhhEEONSt13tuple_elementIXT_ESt5tupleIJDpT0_EEE4typeEOS4_
                0x00000000080026da       0x22 build/main.o
                0x00000000080026da                std::tuple_element<0u, std::tuple<unsigned char, unsigned char> >::type&& std::get<0u, unsigned char, unsigned char>(std::tuple<unsigned char, unsigned char>&&)
 .text._ZSt7forwardIOhEOT_RNSt16remove_referenceIS1_E4typeE
                0x00000000080026fc       0x12 build/main.o
                0x00000000080026fc                unsigned char&& std::forward<unsigned char&&>(std::remove_reference<unsigned char&&>::type&)
 .text._ZSt3getILj1EJhhEERNSt13tuple_elementIXT_ESt5tupleIJDpT0_EEE4typeERS4_
                0x000000000800270e       0x1a build/main.o
                0x000000000800270e                std::tuple_element<1u, std::tuple<unsigned char, unsigned char> >::type& std::get<1u, unsigned char, unsigned char>(std::tuple<unsigned char, unsigned char>&)
 .text._ZSt12__get_helperILj1EhJEERT0_RSt11_Tuple_implIXT_EJS0_DpT1_EE
                0x0000000008002728       0x1a build/main.o
                0x0000000008002728                unsigned char& std::__get_helper<1u, unsigned char>(std::_Tuple_impl<1u, unsigned char>&)
 .text._ZNSt11_Tuple_implILj1EJhEE7_M_headERS0_
                0x0000000008002742       0x1a build/main.o
                0x0000000008002742                std::_Tuple_impl<1u, unsigned char>::_M_head(std::_Tuple_impl<1u, unsigned char>&)
 .text._ZNSt10_Head_baseILj1EhLb0EE7_M_headERS0_
                0x000000000800275c       0x12 build/main.o
                0x000000000800275c                std::_Head_base<1u, unsigned char, false>::_M_head(std::_Head_base<1u, unsigned char, false>&)
 .text._ZSt3getILj1EJhhEEONSt13tuple_elementIXT_ESt5tupleIJDpT0_EEE4typeEOS4_
                0x000000000800276e       0x22 build/main.o
                0x000000000800276e                std::tuple_element<1u, std::tuple<unsigned char, unsigned char> >::type&& std::get<1u, unsigned char, unsigned char>(std::tuple<unsigned char, unsigned char>&&)
 .text._ZN12Modbus_slaveIZ4mainE7In_regsZ4mainE8Out_regsE9check_CRCEv
                0x0000000008002790       0x92 build/main.o
 .text._ZN10Net_bufferILj255EE9pop_frontEv
                0x0000000008002822       0x50 build/main.o
                0x0000000008002822                Net_buffer<255u>::pop_front()
 .text._ZN12Modbus_slaveIZ4mainE7In_regsZ4mainE8Out_regsE9answer_03Ev
                0x0000000008002872      0x108 build/main.o
 .text._ZN12Modbus_slaveIZ4mainE7In_regsZ4mainE8Out_regsE9answer_16IZ4mainEUltE_EEvT_
                0x000000000800297a      0x166 build/main.o
 .text._ZN12Modbus_slaveIZ4mainE7In_regsZ4mainE8Out_regsE12answer_errorE17Modbus_error_code
                0x0000000008002ae0      0x138 build/main.o
 .text._ZN3mcu4GPIO3setILj0EEERS0_NS_9GPIO_bits5MODER4ModeE
                0x0000000008002c18       0x32 build/main.o
                0x0000000008002c18                mcu::GPIO& mcu::GPIO::set<0u>(mcu::GPIO_bits::MODER::Mode)
 *fill*         0x0000000008002c4a        0x2 
 .text._ZN3mcu4GPIO3setILj7EEERS0_NS_9GPIO_bits5MODER4ModeE
                0x0000000008002c4c       0x38 build/main.o
                0x0000000008002c4c                mcu::GPIO& mcu::GPIO::set<7u>(mcu::GPIO_bits::MODER::Mode)
 .text._ZN3mcu4GPIO3setILj6EEERS0_NS_9GPIO_bits5MODER4ModeE
                0x0000000008002c84       0x38 build/main.o
                0x0000000008002c84                mcu::GPIO& mcu::GPIO::set<6u>(mcu::GPIO_bits::MODER::Mode)
 .text._ZN3mcu4GPIO3setILj5EEERS0_NS_9GPIO_bits5MODER4ModeE
                0x0000000008002cbc       0x38 build/main.o
                0x0000000008002cbc                mcu::GPIO& mcu::GPIO::set<5u>(mcu::GPIO_bits::MODER::Mode)
 .text._ZNSt5tupleIJR3PinS1_S1_S1_EEC2IvLb1EEES1_S1_S1_S1_
                0x0000000008002cf4       0x2a build/main.o
                0x0000000008002cf4                std::tuple<Pin&, Pin&, Pin&, Pin&>::tuple<void, true>(Pin&, Pin&, Pin&, Pin&)
                0x0000000008002cf4                std::tuple<Pin&, Pin&, Pin&, Pin&>::tuple<void, true>(Pin&, Pin&, Pin&, Pin&)
 *fill*         0x0000000008002d1e        0x2 
 .text._ZN3mcu4GPIO3setILj9EEERS0_NS_9GPIO_bits5MODER4ModeE
                0x0000000008002d20       0x38 build/main.o
                0x0000000008002d20                mcu::GPIO& mcu::GPIO::set<9u>(mcu::GPIO_bits::MODER::Mode)
 .text._ZN3mcu4GPIO3setILj8EEERS0_NS_9GPIO_bits5MODER4ModeE
                0x0000000008002d58       0x38 build/main.o
                0x0000000008002d58                mcu::GPIO& mcu::GPIO::set<8u>(mcu::GPIO_bits::MODER::Mode)
 .text._ZN3mcu4GPIO3setILj15EEERS0_NS_9GPIO_bits5MODER4ModeE
                0x0000000008002d90       0x30 build/main.o
                0x0000000008002d90                mcu::GPIO& mcu::GPIO::set<15u>(mcu::GPIO_bits::MODER::Mode)
 .text._ZN3mcu4GPIO3setILj14EEERS0_NS_9GPIO_bits5MODER4ModeE
                0x0000000008002dc0       0x38 build/main.o
                0x0000000008002dc0                mcu::GPIO& mcu::GPIO::set<14u>(mcu::GPIO_bits::MODER::Mode)
 .text._ZNSt14__array_traitsIhLj255EE6_S_ptrERA255_Kh
                0x0000000008002df8       0x12 build/main.o
                0x0000000008002df8                std::__array_traits<unsigned char, 255u>::_S_ptr(unsigned char const (&) [255])
 .text._ZNSt5arrayIhLj255EEixEj
                0x0000000008002e0a       0x20 build/main.o
                0x0000000008002e0a                std::array<unsigned char, 255u>::operator[](unsigned int)
 .text._ZN10Net_bufferILj255EE8pop_backEv
                0x0000000008002e2a       0x54 build/main.o
                0x0000000008002e2a                Net_buffer<255u>::pop_back()
 .text._ZSt7forwardIRhEOT_RNSt16remove_referenceIS1_E4typeE
                0x0000000008002e7e       0x12 build/main.o
                0x0000000008002e7e                unsigned char& std::forward<unsigned char&>(std::remove_reference<unsigned char&>::type&)
 .text._ZNSt5tupleIJhhEEC2IRhS2_Lb1EEEOT_OT0_
                0x0000000008002e90       0x36 build/main.o
                0x0000000008002e90                std::tuple<unsigned char, unsigned char>::tuple<unsigned char&, unsigned char&, true>(unsigned char&, unsigned char&)
                0x0000000008002e90                std::tuple<unsigned char, unsigned char>::tuple<unsigned char&, unsigned char&, true>(unsigned char&, unsigned char&)
 .text._ZN12Modbus_slaveIZ4mainE7In_regsZ4mainE8Out_regsE9check_regEt
                0x0000000008002ec6       0x76 build/main.o
 .text._ZN10Net_bufferILj255EElsEh
                0x0000000008002f3c       0x48 build/main.o
                0x0000000008002f3c                Net_buffer<255u>::operator<<(unsigned char)
 .text._ZNSt5arrayIhLj2EEixEj
                0x0000000008002f84       0x20 build/main.o
                0x0000000008002f84                std::array<unsigned char, 2u>::operator[](unsigned int)
 .text._ZNSt14__array_traitsIhLj2EE6_S_refERA2_Khj
                0x0000000008002fa4       0x18 build/main.o
                0x0000000008002fa4                std::__array_traits<unsigned char, 2u>::_S_ref(unsigned char const (&) [2], unsigned int)
 .text._ZN10Net_bufferILj255EE8to_bytesEt
                0x0000000008002fbc       0x42 build/main.o
                0x0000000008002fbc                Net_buffer<255u>::to_bytes(unsigned short)
 .text._ZN10Net_bufferILj255EElsEt
                0x0000000008002ffe       0x5c build/main.o
                0x0000000008002ffe                Net_buffer<255u>::operator<<(unsigned short)
 .text._ZN10UART_sizedILj255EE8transmitEv
                0x000000000800305a       0x7a build/main.o
                0x000000000800305a                UART_sized<255u>::transmit()
 .text._ZN10Net_bufferILj255EErsERh
                0x00000000080030d4       0x5c build/main.o
                0x00000000080030d4                Net_buffer<255u>::operator>>(unsigned char&)
 .text._ZN12Modbus_slaveIZ4mainE7In_regsZ4mainE8Out_regsE11check_valueEv
                0x0000000008003130      0x19c build/main.o
 .text._ZN12Modbus_slaveIZ4mainE7In_regsZ4mainE8Out_regsE12set_high_bitEh
                0x00000000080032cc       0x22 build/main.o
 .text._ZNSt11_Tuple_implILj0EJR3PinS1_S1_S1_EEC2ES1_S1_S1_S1_
                0x00000000080032ee       0x32 build/main.o
                0x00000000080032ee                std::_Tuple_impl<0u, Pin&, Pin&, Pin&, Pin&>::_Tuple_impl(Pin&, Pin&, Pin&, Pin&)
                0x00000000080032ee                std::_Tuple_impl<0u, Pin&, Pin&, Pin&, Pin&>::_Tuple_impl(Pin&, Pin&, Pin&, Pin&)
 .text._ZNSt14__array_traitsIhLj255EE6_S_refERA255_Khj
                0x0000000008003320       0x18 build/main.o
                0x0000000008003320                std::__array_traits<unsigned char, 255u>::_S_ref(unsigned char const (&) [255], unsigned int)
 .text._ZNSt11_Tuple_implILj0EJhhEEC2IRhJS2_EvEEOT_DpOT0_
                0x0000000008003338       0x40 build/main.o
                0x0000000008003338                std::_Tuple_impl<0u, unsigned char, unsigned char>::_Tuple_impl<unsigned char&, unsigned char&, void>(unsigned char&, unsigned char&)
                0x0000000008003338                std::_Tuple_impl<0u, unsigned char, unsigned char>::_Tuple_impl<unsigned char&, unsigned char&, void>(unsigned char&, unsigned char&)
 .text._ZN10Net_bufferILj255EE10from_bytesEhh
                0x0000000008003378       0x36 build/main.o
                0x0000000008003378                Net_buffer<255u>::from_bytes(unsigned char, unsigned char)
 .text._ZN10Net_bufferILj255EErsERt
                0x00000000080033ae       0x6a build/main.o
                0x00000000080033ae                Net_buffer<255u>::operator>>(unsigned short&)
 .text._ZNSt11_Tuple_implILj1EJR3PinS1_S1_EEC2ES1_S1_S1_
                0x0000000008003418       0x32 build/main.o
                0x0000000008003418                std::_Tuple_impl<1u, Pin&, Pin&, Pin&>::_Tuple_impl(Pin&, Pin&, Pin&)
                0x0000000008003418                std::_Tuple_impl<1u, Pin&, Pin&, Pin&>::_Tuple_impl(Pin&, Pin&, Pin&)
 .text._ZNSt10_Head_baseILj0ER3PinLb0EEC2ES1_
                0x000000000800344a       0x1a build/main.o
                0x000000000800344a                std::_Head_base<0u, Pin&, false>::_Head_base(Pin&)
                0x000000000800344a                std::_Head_base<0u, Pin&, false>::_Head_base(Pin&)
 .text._ZNSt11_Tuple_implILj1EJhEEC2IRhEEOT_
                0x0000000008003464       0x28 build/main.o
                0x0000000008003464                std::_Tuple_impl<1u, unsigned char>::_Tuple_impl<unsigned char&>(unsigned char&)
                0x0000000008003464                std::_Tuple_impl<1u, unsigned char>::_Tuple_impl<unsigned char&>(unsigned char&)
 .text._ZNSt10_Head_baseILj0EhLb0EEC2IRhEEOT_
                0x000000000800348c       0x24 build/main.o
                0x000000000800348c                std::_Head_base<0u, unsigned char, false>::_Head_base<unsigned char&>(unsigned char&)
                0x000000000800348c                std::_Head_base<0u, unsigned char, false>::_Head_base<unsigned char&>(unsigned char&)
 .text._ZNSt11_Tuple_implILj2EJR3PinS1_EEC2ES1_S1_
                0x00000000080034b0       0x30 build/main.o
                0x00000000080034b0                std::_Tuple_impl<2u, Pin&, Pin&>::_Tuple_impl(Pin&, Pin&)
                0x00000000080034b0                std::_Tuple_impl<2u, Pin&, Pin&>::_Tuple_impl(Pin&, Pin&)
 .text._ZNSt10_Head_baseILj1ER3PinLb0EEC2ES1_
                0x00000000080034e0       0x1a build/main.o
                0x00000000080034e0                std::_Head_base<1u, Pin&, false>::_Head_base(Pin&)
                0x00000000080034e0                std::_Head_base<1u, Pin&, false>::_Head_base(Pin&)
 .text._ZNSt10_Head_baseILj1EhLb0EEC2IRhEEOT_
                0x00000000080034fa       0x24 build/main.o
                0x00000000080034fa                std::_Head_base<1u, unsigned char, false>::_Head_base<unsigned char&>(unsigned char&)
                0x00000000080034fa                std::_Head_base<1u, unsigned char, false>::_Head_base<unsigned char&>(unsigned char&)
 .text._ZNSt11_Tuple_implILj3EJR3PinEEC2ES1_
                0x000000000800351e       0x20 build/main.o
                0x000000000800351e                std::_Tuple_impl<3u, Pin&>::_Tuple_impl(Pin&)
                0x000000000800351e                std::_Tuple_impl<3u, Pin&>::_Tuple_impl(Pin&)
 .text._ZNSt10_Head_baseILj2ER3PinLb0EEC2ES1_
                0x000000000800353e       0x1a build/main.o
                0x000000000800353e                std::_Head_base<2u, Pin&, false>::_Head_base(Pin&)
                0x000000000800353e                std::_Head_base<2u, Pin&, false>::_Head_base(Pin&)
 .text._ZNSt10_Head_baseILj3ER3PinLb0EEC2ES1_
                0x0000000008003558       0x1a build/main.o
                0x0000000008003558                std::_Head_base<3u, Pin&, false>::_Head_base(Pin&)
                0x0000000008003558                std::_Head_base<3u, Pin&, false>::_Head_base(Pin&)
 *fill*         0x0000000008003572        0x2 
 .text._Z41__static_initialization_and_destruction_0ii
                0x0000000008003574       0x84 build/main.o
 .text._ZN12Modbus_slaveIZ4mainE7In_regsZ4mainE8Out_regsE6notifyEv
                0x00000000080035f8       0x1a build/main.o
 .text._ZN12Modbus_slaveIZ4mainE7In_regsZ4mainE8Out_regsE13dma_interrupt9interruptEv
                0x0000000008003612       0x1a build/main.o
 .text._ZN12Modbus_slaveIZ4mainE7In_regsZ4mainE8Out_regsE14uart_interrupt9interruptEv
                0x000000000800362c       0x1a build/main.o
 .text._ZN12Modbus_slaveIZ4mainE7In_regsZ4mainE8Out_regsE12dmaInterruptEv
                0x0000000008003646       0x28 build/main.o
 .text._ZN12Modbus_slaveIZ4mainE7In_regsZ4mainE8Out_regsE13uartInterruptEv
                0x000000000800366e       0x26 build/main.o
 .text._ZN10UART_sizedILj255EE14is_tx_completeEv
                0x0000000008003694       0x28 build/main.o
                0x0000000008003694                UART_sized<255u>::is_tx_complete()
 .text._ZN10UART_sizedILj255EE10is_rx_IDLEEv
                0x00000000080036bc       0x6a build/main.o
                0x00000000080036bc                UART_sized<255u>::is_rx_IDLE()
 .text._ZN10Net_bufferILj255EE8set_sizeEj
                0x0000000008003726       0x3a build/main.o
                0x0000000008003726                Net_buffer<255u>::set_size(unsigned int)
 .text._GLOBAL__sub_I__ZN3mcu5FLASH6unlockEv
                0x0000000008003760       0x18 build/main.o
 .text.Reset_Handler
                0x0000000008003778       0x50 build/startup_stm32f030x6.o
                0x0000000008003778                Reset_Handler
 .text.Default_Handler
                0x00000000080037c8        0x2 build/startup_stm32f030x6.o
                0x00000000080037c8                HardFault_Handler
                0x00000000080037c8                PendSV_Handler
                0x00000000080037c8                NMI_Handler
                0x00000000080037c8                I2C1_IRQHandler
                0x00000000080037c8                SPI1_IRQHandler
                0x00000000080037c8                EXTI2_3_IRQHandler
                0x00000000080037c8                ADC1_IRQHandler
                0x00000000080037c8                RTC_IRQHandler
                0x00000000080037c8                EXTI4_15_IRQHandler
                0x00000000080037c8                RCC_IRQHandler
                0x00000000080037c8                Default_Handler
                0x00000000080037c8                EXTI0_1_IRQHandler
                0x00000000080037c8                SVC_Handler
                0x00000000080037c8                WWDG_IRQHandler
                0x00000000080037c8                FLASH_IRQHandler
                0x00000000080037c8                TIM1_BRK_UP_TRG_COM_IRQHandler
 .text.__cxa_pure_virtual
                0x00000000080037ca        0x6 /home/users/aag/code/gcc-arm-none-eabi-7-2018-q2-update/bin/../lib/gcc/arm-none-eabi/7.3.1/../../../../arm-none-eabi/lib/thumb/v6-m/libstdc++_nano.a(pure.o)
                0x00000000080037ca                __cxa_pure_virtual
 .text._ZN10__cxxabiv111__terminateEPFvvE
                0x00000000080037d0        0x8 /home/users/aag/code/gcc-arm-none-eabi-7-2018-q2-update/bin/../lib/gcc/arm-none-eabi/7.3.1/../../../../arm-none-eabi/lib/thumb/v6-m/libstdc++_nano.a(eh_terminate.o)
                0x00000000080037d0                __cxxabiv1::__terminate(void (*)())
 .text._ZSt9terminatev
                0x00000000080037d8       0x10 /home/users/aag/code/gcc-arm-none-eabi-7-2018-q2-update/bin/../lib/gcc/arm-none-eabi/7.3.1/../../../../arm-none-eabi/lib/thumb/v6-m/libstdc++_nano.a(eh_terminate.o)
                0x00000000080037d8                std::terminate()
 .text.abort    0x00000000080037e8        0xe /home/users/aag/code/gcc-arm-none-eabi-7-2018-q2-update/bin/../lib/gcc/arm-none-eabi/7.3.1/../../../../arm-none-eabi/lib/thumb/v6-m/libc_nano.a(lib_a-abort.o)
                0x00000000080037e8                abort
 *fill*         0x00000000080037f6        0x2 
 .text.__libc_init_array
                0x00000000080037f8       0x48 /home/users/aag/code/gcc-arm-none-eabi-7-2018-q2-update/bin/../lib/gcc/arm-none-eabi/7.3.1/../../../../arm-none-eabi/lib/thumb/v6-m/libc_nano.a(lib_a-init.o)
                0x00000000080037f8                __libc_init_array
 .text.memset   0x0000000008003840       0x10 /home/users/aag/code/gcc-arm-none-eabi-7-2018-q2-update/bin/../lib/gcc/arm-none-eabi/7.3.1/../../../../arm-none-eabi/lib/thumb/v6-m/libc_nano.a(lib_a-memset.o)
                0x0000000008003840                memset
 .text._raise_r
                0x0000000008003850       0x54 /home/users/aag/code/gcc-arm-none-eabi-7-2018-q2-update/bin/../lib/gcc/arm-none-eabi/7.3.1/../../../../arm-none-eabi/lib/thumb/v6-m/libc_nano.a(lib_a-signal.o)
                0x0000000008003850                _raise_r
 .text.raise    0x00000000080038a4       0x14 /home/users/aag/code/gcc-arm-none-eabi-7-2018-q2-update/bin/../lib/gcc/arm-none-eabi/7.3.1/../../../../arm-none-eabi/lib/thumb/v6-m/libc_nano.a(lib_a-signal.o)
                0x00000000080038a4                raise
 .text._kill_r  0x00000000080038b8       0x24 /home/users/aag/code/gcc-arm-none-eabi-7-2018-q2-update/bin/../lib/gcc/arm-none-eabi/7.3.1/../../../../arm-none-eabi/lib/thumb/v6-m/libc_nano.a(lib_a-signalr.o)
                0x00000000080038b8                _kill_r
 .text._getpid_r
                0x00000000080038dc        0x8 /home/users/aag/code/gcc-arm-none-eabi-7-2018-q2-update/bin/../lib/gcc/arm-none-eabi/7.3.1/../../../../arm-none-eabi/lib/thumb/v6-m/libc_nano.a(lib_a-signalr.o)
                0x00000000080038dc                _getpid_r
 .text._getpid  0x00000000080038e4       0x10 /home/users/aag/code/gcc-arm-none-eabi-7-2018-q2-update/bin/../lib/gcc/arm-none-eabi/7.3.1/../../../../arm-none-eabi/lib/thumb/v6-m/libnosys.a(getpid.o)
                0x00000000080038e4                _getpid
 .text._kill    0x00000000080038f4       0x10 /home/users/aag/code/gcc-arm-none-eabi-7-2018-q2-update/bin/../lib/gcc/arm-none-eabi/7.3.1/../../../../arm-none-eabi/lib/thumb/v6-m/libnosys.a(kill.o)
                0x00000000080038f4                _kill
 .text._exit    0x0000000008003904        0x4 /home/users/aag/code/gcc-arm-none-eabi-7-2018-q2-update/bin/../lib/gcc/arm-none-eabi/7.3.1/../../../../arm-none-eabi/lib/thumb/v6-m/libnosys.a(_exit.o)
                0x0000000008003904                _exit
 *(.glue_7)
 .glue_7        0x0000000008003908        0x0 linker stubs
 *(.glue_7t)
 .glue_7t       0x0000000008003908        0x0 linker stubs
 *(.eh_frame)
 .eh_frame      0x0000000008003908        0x0 /home/users/aag/code/gcc-arm-none-eabi-7-2018-q2-update/bin/../lib/gcc/arm-none-eabi/7.3.1/thumb/v6-m/crtbegin.o
 *(.init)
 .init          0x0000000008003908        0x4 /home/users/aag/code/gcc-arm-none-eabi-7-2018-q2-update/bin/../lib/gcc/arm-none-eabi/7.3.1/thumb/v6-m/crti.o
                0x0000000008003908                _init
 .init          0x000000000800390c        0x8 /home/users/aag/code/gcc-arm-none-eabi-7-2018-q2-update/bin/../lib/gcc/arm-none-eabi/7.3.1/thumb/v6-m/crtn.o
 *(.fini)
 .fini          0x0000000008003914        0x4 /home/users/aag/code/gcc-arm-none-eabi-7-2018-q2-update/bin/../lib/gcc/arm-none-eabi/7.3.1/thumb/v6-m/crti.o
                0x0000000008003914                _fini
 .fini          0x0000000008003918        0x8 /home/users/aag/code/gcc-arm-none-eabi-7-2018-q2-update/bin/../lib/gcc/arm-none-eabi/7.3.1/thumb/v6-m/crtn.o
                0x0000000008003920                . = ALIGN (0x4)
                0x0000000008003920                _etext = .

.vfp11_veneer   0x0000000008003920        0x0
 .vfp11_veneer  0x0000000008003920        0x0 linker stubs

.v4_bx          0x0000000008003920        0x0
 .v4_bx         0x0000000008003920        0x0 linker stubs

.iplt           0x0000000008003920        0x0
 .iplt          0x0000000008003920        0x0 /home/users/aag/code/gcc-arm-none-eabi-7-2018-q2-update/bin/../lib/gcc/arm-none-eabi/7.3.1/thumb/v6-m/crtbegin.o

.rodata         0x0000000008003920      0x27c
                0x0000000008003920                . = ALIGN (0x4)
 *(.rodata)
 *(.rodata*)
 .rodata._ZL13crc_low_table
                0x0000000008003920      0x100 build/main.o
 .rodata._ZL14crc_high_table
                0x0000000008003a20      0x100 build/main.o
 .rodata._ZN3mcu5USART3setENS0_8BaudrateENS_6PeriphE
                0x0000000008003b20       0x20 build/main.o
 .rodata._ZZ4mainENKUltE_clEt
                0x0000000008003b40       0x14 build/main.o
 .rodata._ZTV12Modbus_slaveIZ4mainE7In_regsZ4mainE8Out_regsE
                0x0000000008003b54        0xc build/main.o
 .rodata._ZTVN12Modbus_slaveIZ4mainE7In_regsZ4mainE8Out_regsE13dma_interruptE
                0x0000000008003b60        0xc build/main.o
 .rodata._ZTVN12Modbus_slaveIZ4mainE7In_regsZ4mainE8Out_regsE14uart_interruptE
                0x0000000008003b6c        0xc build/main.o
 .rodata._ZTV12Interrupting
                0x0000000008003b78        0xc build/main.o
                0x0000000008003b78                vtable for Interrupting
 .rodata._ZTV14TickSubscriber
                0x0000000008003b84        0xc build/main.o
                0x0000000008003b84                vtable for TickSubscriber
 .rodata._ZTV10Subscriber
                0x0000000008003b90        0xc build/main.o
                0x0000000008003b90                vtable for Subscriber
                0x0000000008003b9c                . = ALIGN (0x4)

.rel.dyn        0x0000000008003b9c        0x0
 .rel.iplt      0x0000000008003b9c        0x0 /home/users/aag/code/gcc-arm-none-eabi-7-2018-q2-update/bin/../lib/gcc/arm-none-eabi/7.3.1/thumb/v6-m/crtbegin.o

.ARM.extab
 *(.ARM.extab* .gnu.linkonce.armextab.*)

.ARM            0x0000000008003b9c        0x0
                0x0000000008003b9c                __exidx_start = .
 *(.ARM.exidx*)
                0x0000000008003b9c                __exidx_end = .

.preinit_array  0x0000000008003b9c        0x0
                0x0000000008003b9c                PROVIDE (__preinit_array_start = .)
 *(.preinit_array*)
                0x0000000008003b9c                PROVIDE (__preinit_array_end = .)

.init_array     0x0000000008003b9c        0x8
                0x0000000008003b9c                PROVIDE (__init_array_start = .)
 *(SORT_BY_NAME(.init_array.*))
 *(.init_array*)
 .init_array    0x0000000008003b9c        0x4 /home/users/aag/code/gcc-arm-none-eabi-7-2018-q2-update/bin/../lib/gcc/arm-none-eabi/7.3.1/thumb/v6-m/crtbegin.o
 .init_array    0x0000000008003ba0        0x4 build/main.o
                0x0000000008003ba4                PROVIDE (__init_array_end = .)

.fini_array     0x0000000008003ba4        0x4
                [!provide]                        PROVIDE (__fini_array_start = .)
 *(SORT_BY_NAME(.fini_array.*))
 *(.fini_array*)
 .fini_array    0x0000000008003ba4        0x4 /home/users/aag/code/gcc-arm-none-eabi-7-2018-q2-update/bin/../lib/gcc/arm-none-eabi/7.3.1/thumb/v6-m/crtbegin.o
                [!provide]                        PROVIDE (__fini_array_end = .)
                0x0000000008003ba8                _sidata = LOADADDR (.data)

.data           0x0000000020000000       0x6c load address 0x0000000008003ba8
                0x0000000020000000                . = ALIGN (0x4)
                0x0000000020000000                _sdata = .
 *(.data)
 *(.data*)
 .data._ZL16NVIC_EnableIRQ_t
                0x0000000020000000        0x4 build/main.o
 .data._ZN10__cxxabiv119__terminate_handlerE
                0x0000000020000004        0x4 /home/users/aag/code/gcc-arm-none-eabi-7-2018-q2-update/bin/../lib/gcc/arm-none-eabi/7.3.1/../../../../arm-none-eabi/lib/thumb/v6-m/libstdc++_nano.a(eh_term_handler.o)
                0x0000000020000004                __cxxabiv1::__terminate_handler
 .data._impure_ptr
                0x0000000020000008        0x4 /home/users/aag/code/gcc-arm-none-eabi-7-2018-q2-update/bin/../lib/gcc/arm-none-eabi/7.3.1/../../../../arm-none-eabi/lib/thumb/v6-m/libc_nano.a(lib_a-impure.o)
                0x0000000020000008                _impure_ptr
 .data.impure_data
                0x000000002000000c       0x60 /home/users/aag/code/gcc-arm-none-eabi-7-2018-q2-update/bin/../lib/gcc/arm-none-eabi/7.3.1/../../../../arm-none-eabi/lib/thumb/v6-m/libc_nano.a(lib_a-impure.o)
                0x000000002000006c                . = ALIGN (0x4)
                0x000000002000006c                _edata = .

.igot.plt       0x000000002000006c        0x0 load address 0x0000000008003c14
 .igot.plt      0x000000002000006c        0x0 /home/users/aag/code/gcc-arm-none-eabi-7-2018-q2-update/bin/../lib/gcc/arm-none-eabi/7.3.1/thumb/v6-m/crtbegin.o
                0x000000002000006c                . = ALIGN (0x4)

.bss            0x000000002000006c      0x298 load address 0x0000000008003c14
                0x000000002000006c                _sbss = .
                0x000000002000006c                __bss_start__ = _sbss
 *(.bss)
 .bss           0x000000002000006c       0x1c /home/users/aag/code/gcc-arm-none-eabi-7-2018-q2-update/bin/../lib/gcc/arm-none-eabi/7.3.1/thumb/v6-m/crtbegin.o
 *(.bss*)
 .bss.tickUpdater
                0x0000000020000088        0x8 build/main.o
                0x0000000020000088                tickUpdater
 .bss.interrupt_usart1
                0x0000000020000090        0x8 build/main.o
                0x0000000020000090                interrupt_usart1
 .bss.interrupt_DMA1_channel1
                0x0000000020000098        0x8 build/main.o
                0x0000000020000098                interrupt_DMA1_channel1
 .bss.interrupt_DMA1_channel2
                0x00000000200000a0        0x8 build/main.o
                0x00000000200000a0                interrupt_DMA1_channel2
 .bss.interrupt_DMA1_channel3
                0x00000000200000a8        0x8 build/main.o
                0x00000000200000a8                interrupt_DMA1_channel3
 .bss.interrupt_DMA1_channel4
                0x00000000200000b0        0x8 build/main.o
                0x00000000200000b0                interrupt_DMA1_channel4
 .bss.interrupt_DMA1_channel5
                0x00000000200000b8        0x8 build/main.o
                0x00000000200000b8                interrupt_DMA1_channel5
 .bss._ZZN3Pin4makeIN3mcu4Pin_ILNS1_6PeriphE1ELi2EEELNS1_7PinModeE4EEERDavE3pin
                0x00000000200000c0        0x8 build/main.o
                0x00000000200000c0                Pin::make<mcu::Pin_<(mcu::Periph)1, 2>, (mcu::PinMode)4>()::pin
 .bss._ZGVZN3Pin4makeIN3mcu4Pin_ILNS1_6PeriphE1ELi2EEELNS1_7PinModeE4EEERDavE3pin
                0x00000000200000c8        0x4 build/main.o
                0x00000000200000c8                guard variable for Pin::make<mcu::Pin_<(mcu::Periph)1, 2>, (mcu::PinMode)4>()::pin
 .bss._ZZN3Pin4makeIN3mcu4Pin_ILNS1_6PeriphE1ELi3EEELNS1_7PinModeE4EEERDavE3pin
                0x00000000200000cc        0x8 build/main.o
                0x00000000200000cc                Pin::make<mcu::Pin_<(mcu::Periph)1, 3>, (mcu::PinMode)4>()::pin
 .bss._ZGVZN3Pin4makeIN3mcu4Pin_ILNS1_6PeriphE1ELi3EEELNS1_7PinModeE4EEERDavE3pin
                0x00000000200000d4        0x4 build/main.o
                0x00000000200000d4                guard variable for Pin::make<mcu::Pin_<(mcu::Periph)1, 3>, (mcu::PinMode)4>()::pin
 .bss._ZZN3Pin4makeIN3mcu4Pin_ILNS1_6PeriphE2ELi1EEELNS1_7PinModeE1EEERDavE3pin
                0x00000000200000d8        0x8 build/main.o
                0x00000000200000d8                Pin::make<mcu::Pin_<(mcu::Periph)2, 1>, (mcu::PinMode)1>()::pin
 .bss._ZGVZN3Pin4makeIN3mcu4Pin_ILNS1_6PeriphE2ELi1EEELNS1_7PinModeE1EEERDavE3pin
                0x00000000200000e0        0x4 build/main.o
                0x00000000200000e0                guard variable for Pin::make<mcu::Pin_<(mcu::Periph)2, 1>, (mcu::PinMode)1>()::pin
 .bss._ZZN10UART_sizedILj255EE4makeILN3mcu6PeriphE6ENS2_4Pin_ILS3_1ELi2EEENS4_ILS3_1ELi3EEENS4_ILS3_2ELi1EEEEERDavE4uart
                0x00000000200000e4      0x12c build/main.o
                0x00000000200000e4                UART_sized<255u>::make<(mcu::Periph)6, mcu::Pin_<(mcu::Periph)1, 2>, mcu::Pin_<(mcu::Periph)1, 3>, mcu::Pin_<(mcu::Periph)2, 1> >()::uart
 .bss._ZGVZN10UART_sizedILj255EE4makeILN3mcu6PeriphE6ENS2_4Pin_ILS3_1ELi2EEENS4_ILS3_1ELi3EEENS4_ILS3_2ELi1EEEEERDavE4uart
                0x0000000020000210        0x4 build/main.o
                0x0000000020000210                guard variable for UART_sized<255u>::make<(mcu::Periph)6, mcu::Pin_<(mcu::Periph)1, 2>, mcu::Pin_<(mcu::Periph)1, 3>, mcu::Pin_<(mcu::Periph)2, 1> >()::uart
 .bss._ZZN12Modbus_slaveIZ4mainE7In_regsZ4mainE8Out_regsE4makeILN3mcu6PeriphE6ENS4_4Pin_ILS5_1ELi2EEENS6_ILS5_1ELi3EEENS6_ILS5_2ELi1EEEEERDahN10UART_sizedILj255EE8SettingsEE6modbus
                0x0000000020000214       0x84 build/main.o
 .bss._ZGVZN12Modbus_slaveIZ4mainE7In_regsZ4mainE8Out_regsE4makeILN3mcu6PeriphE6ENS4_4Pin_ILS5_1ELi2EEENS6_ILS5_1ELi3EEENS6_ILS5_2ELi1EEEEERDahN10UART_sizedILj255EE8SettingsEE6modbus
                0x0000000020000298        0x4 build/main.o
 .bss._ZZZ4mainENKUltE_clEtE7unblock
                0x000000002000029c        0x1 build/main.o
 *fill*         0x000000002000029d        0x3 
 .bss._ZZN3Pin4makeIN3mcu4Pin_ILNS1_6PeriphE2ELi0EEELNS1_7PinModeE1EEERDavE3pin
                0x00000000200002a0        0x8 build/main.o
                0x00000000200002a0                Pin::make<mcu::Pin_<(mcu::Periph)2, 0>, (mcu::PinMode)1>()::pin
 .bss._ZGVZN3Pin4makeIN3mcu4Pin_ILNS1_6PeriphE2ELi0EEELNS1_7PinModeE1EEERDavE3pin
                0x00000000200002a8        0x4 build/main.o
                0x00000000200002a8                guard variable for Pin::make<mcu::Pin_<(mcu::Periph)2, 0>, (mcu::PinMode)1>()::pin
 .bss._ZZN3Pin4makeIN3mcu4Pin_ILNS1_6PeriphE1ELi7EEELNS1_7PinModeE1EEERDavE3pin
                0x00000000200002ac        0x8 build/main.o
                0x00000000200002ac                Pin::make<mcu::Pin_<(mcu::Periph)1, 7>, (mcu::PinMode)1>()::pin
 .bss._ZGVZN3Pin4makeIN3mcu4Pin_ILNS1_6PeriphE1ELi7EEELNS1_7PinModeE1EEERDavE3pin
                0x00000000200002b4        0x4 build/main.o
                0x00000000200002b4                guard variable for Pin::make<mcu::Pin_<(mcu::Periph)1, 7>, (mcu::PinMode)1>()::pin
 .bss._ZZN3Pin4makeIN3mcu4Pin_ILNS1_6PeriphE1ELi6EEELNS1_7PinModeE1EEERDavE3pin
                0x00000000200002b8        0x8 build/main.o
                0x00000000200002b8                Pin::make<mcu::Pin_<(mcu::Periph)1, 6>, (mcu::PinMode)1>()::pin
 .bss._ZGVZN3Pin4makeIN3mcu4Pin_ILNS1_6PeriphE1ELi6EEELNS1_7PinModeE1EEERDavE3pin
                0x00000000200002c0        0x4 build/main.o
                0x00000000200002c0                guard variable for Pin::make<mcu::Pin_<(mcu::Periph)1, 6>, (mcu::PinMode)1>()::pin
 .bss._ZZN3Pin4makeIN3mcu4Pin_ILNS1_6PeriphE1ELi5EEELNS1_7PinModeE1EEERDavE3pin
                0x00000000200002c4        0x8 build/main.o
                0x00000000200002c4                Pin::make<mcu::Pin_<(mcu::Periph)1, 5>, (mcu::PinMode)1>()::pin
 .bss._ZGVZN3Pin4makeIN3mcu4Pin_ILNS1_6PeriphE1ELi5EEELNS1_7PinModeE1EEERDavE3pin
                0x00000000200002cc        0x4 build/main.o
                0x00000000200002cc                guard variable for Pin::make<mcu::Pin_<(mcu::Periph)1, 5>, (mcu::PinMode)1>()::pin
 .bss._ZZN3Pin4makeIN3mcu4Pin_ILNS1_6PeriphE1ELi9EEELNS1_7PinModeE0EEERDavE3pin
                0x00000000200002d0        0x8 build/main.o
                0x00000000200002d0                Pin::make<mcu::Pin_<(mcu::Periph)1, 9>, (mcu::PinMode)0>()::pin
 .bss._ZGVZN3Pin4makeIN3mcu4Pin_ILNS1_6PeriphE1ELi9EEELNS1_7PinModeE0EEERDavE3pin
                0x00000000200002d8        0x4 build/main.o
                0x00000000200002d8                guard variable for Pin::make<mcu::Pin_<(mcu::Periph)1, 9>, (mcu::PinMode)0>()::pin
 .bss._ZZN3Pin4makeIN3mcu4Pin_ILNS1_6PeriphE1ELi8EEELNS1_7PinModeE0EEERDavE3pin
                0x00000000200002dc        0x8 build/main.o
                0x00000000200002dc                Pin::make<mcu::Pin_<(mcu::Periph)1, 8>, (mcu::PinMode)0>()::pin
 .bss._ZGVZN3Pin4makeIN3mcu4Pin_ILNS1_6PeriphE1ELi8EEELNS1_7PinModeE0EEERDavE3pin
                0x00000000200002e4        0x4 build/main.o
                0x00000000200002e4                guard variable for Pin::make<mcu::Pin_<(mcu::Periph)1, 8>, (mcu::PinMode)0>()::pin
 .bss._ZZN3Pin4makeIN3mcu4Pin_ILNS1_6PeriphE2ELi15EEELNS1_7PinModeE0EEERDavE3pin
                0x00000000200002e8        0x8 build/main.o
                0x00000000200002e8                Pin::make<mcu::Pin_<(mcu::Periph)2, 15>, (mcu::PinMode)0>()::pin
 .bss._ZGVZN3Pin4makeIN3mcu4Pin_ILNS1_6PeriphE2ELi15EEELNS1_7PinModeE0EEERDavE3pin
                0x00000000200002f0        0x4 build/main.o
                0x00000000200002f0                guard variable for Pin::make<mcu::Pin_<(mcu::Periph)2, 15>, (mcu::PinMode)0>()::pin
 .bss._ZZN3Pin4makeIN3mcu4Pin_ILNS1_6PeriphE2ELi14EEELNS1_7PinModeE0EEERDavE3pin
                0x00000000200002f4        0x8 build/main.o
                0x00000000200002f4                Pin::make<mcu::Pin_<(mcu::Periph)2, 14>, (mcu::PinMode)0>()::pin
 .bss._ZGVZN3Pin4makeIN3mcu4Pin_ILNS1_6PeriphE2ELi14EEELNS1_7PinModeE0EEERDavE3pin
                0x00000000200002fc        0x4 build/main.o
                0x00000000200002fc                guard variable for Pin::make<mcu::Pin_<(mcu::Periph)2, 14>, (mcu::PinMode)0>()::pin
 *(COMMON)
 COMMON         0x0000000020000300        0x4 /home/users/aag/code/gcc-arm-none-eabi-7-2018-q2-update/bin/../lib/gcc/arm-none-eabi/7.3.1/../../../../arm-none-eabi/lib/thumb/v6-m/libc_nano.a(lib_a-reent.o)
                0x0000000020000300                errno
                0x0000000020000304                . = ALIGN (0x4)
                0x0000000020000304                _ebss = .
                0x0000000020000304                __bss_end__ = _ebss

._user_heap_stack
                0x0000000020000304      0x604 load address 0x0000000008003c14
                0x0000000020000308                . = ALIGN (0x8)
 *fill*         0x0000000020000304        0x4 
                0x0000000020000308                PROVIDE (end = .)
                [!provide]                        PROVIDE (_end = .)
                0x0000000020000508                . = (. + _Min_Heap_Size)
 *fill*         0x0000000020000308      0x200 
                0x0000000020000908                . = (. + _Min_Stack_Size)
 *fill*         0x0000000020000508      0x400 
                0x0000000020000908                . = ALIGN (0x8)

/DISCARD/
 libc.a(*)
 libm.a(*)
 libgcc.a(*)

.ARM.attributes
                0x0000000000000000       0x28
 *(.ARM.attributes)
 .ARM.attributes
                0x0000000000000000       0x1e /home/users/aag/code/gcc-arm-none-eabi-7-2018-q2-update/bin/../lib/gcc/arm-none-eabi/7.3.1/thumb/v6-m/crti.o
 .ARM.attributes
                0x000000000000001e       0x2c /home/users/aag/code/gcc-arm-none-eabi-7-2018-q2-update/bin/../lib/gcc/arm-none-eabi/7.3.1/thumb/v6-m/crtbegin.o
 .ARM.attributes
                0x000000000000004a       0x31 build/main.o
 .ARM.attributes
                0x000000000000007b       0x21 build/startup_stm32f030x6.o
 .ARM.attributes
                0x000000000000009c       0x2c /home/users/aag/code/gcc-arm-none-eabi-7-2018-q2-update/bin/../lib/gcc/arm-none-eabi/7.3.1/../../../../arm-none-eabi/lib/thumb/v6-m/libstdc++_nano.a(pure.o)
 .ARM.attributes
                0x00000000000000c8       0x2c /home/users/aag/code/gcc-arm-none-eabi-7-2018-q2-update/bin/../lib/gcc/arm-none-eabi/7.3.1/../../../../arm-none-eabi/lib/thumb/v6-m/libstdc++_nano.a(eh_terminate.o)
 .ARM.attributes
                0x00000000000000f4       0x2c /home/users/aag/code/gcc-arm-none-eabi-7-2018-q2-update/bin/../lib/gcc/arm-none-eabi/7.3.1/../../../../arm-none-eabi/lib/thumb/v6-m/libstdc++_nano.a(eh_term_handler.o)
 .ARM.attributes
                0x0000000000000120       0x2c /home/users/aag/code/gcc-arm-none-eabi-7-2018-q2-update/bin/../lib/gcc/arm-none-eabi/7.3.1/../../../../arm-none-eabi/lib/thumb/v6-m/libc_nano.a(lib_a-abort.o)
 .ARM.attributes
                0x000000000000014c       0x2c /home/users/aag/code/gcc-arm-none-eabi-7-2018-q2-update/bin/../lib/gcc/arm-none-eabi/7.3.1/../../../../arm-none-eabi/lib/thumb/v6-m/libc_nano.a(lib_a-impure.o)
 .ARM.attributes
                0x0000000000000178       0x2c /home/users/aag/code/gcc-arm-none-eabi-7-2018-q2-update/bin/../lib/gcc/arm-none-eabi/7.3.1/../../../../arm-none-eabi/lib/thumb/v6-m/libc_nano.a(lib_a-init.o)
 .ARM.attributes
                0x00000000000001a4       0x2c /home/users/aag/code/gcc-arm-none-eabi-7-2018-q2-update/bin/../lib/gcc/arm-none-eabi/7.3.1/../../../../arm-none-eabi/lib/thumb/v6-m/libc_nano.a(lib_a-memset.o)
 .ARM.attributes
                0x00000000000001d0       0x2c /home/users/aag/code/gcc-arm-none-eabi-7-2018-q2-update/bin/../lib/gcc/arm-none-eabi/7.3.1/../../../../arm-none-eabi/lib/thumb/v6-m/libc_nano.a(lib_a-signal.o)
 .ARM.attributes
                0x00000000000001fc       0x2c /home/users/aag/code/gcc-arm-none-eabi-7-2018-q2-update/bin/../lib/gcc/arm-none-eabi/7.3.1/../../../../arm-none-eabi/lib/thumb/v6-m/libc_nano.a(lib_a-signalr.o)
 .ARM.attributes
                0x0000000000000228       0x2c /home/users/aag/code/gcc-arm-none-eabi-7-2018-q2-update/bin/../lib/gcc/arm-none-eabi/7.3.1/../../../../arm-none-eabi/lib/thumb/v6-m/libc_nano.a(lib_a-reent.o)
 .ARM.attributes
                0x0000000000000254       0x1e /home/users/aag/code/gcc-arm-none-eabi-7-2018-q2-update/bin/../lib/gcc/arm-none-eabi/7.3.1/thumb/v6-m/libgcc.a(_udivsi3.o)
 .ARM.attributes
                0x0000000000000272       0x1e /home/users/aag/code/gcc-arm-none-eabi-7-2018-q2-update/bin/../lib/gcc/arm-none-eabi/7.3.1/thumb/v6-m/libgcc.a(_dvmd_tls.o)
 .ARM.attributes
                0x0000000000000290       0x2c /home/users/aag/code/gcc-arm-none-eabi-7-2018-q2-update/bin/../lib/gcc/arm-none-eabi/7.3.1/../../../../arm-none-eabi/lib/thumb/v6-m/libnosys.a(getpid.o)
 .ARM.attributes
                0x00000000000002bc       0x2c /home/users/aag/code/gcc-arm-none-eabi-7-2018-q2-update/bin/../lib/gcc/arm-none-eabi/7.3.1/../../../../arm-none-eabi/lib/thumb/v6-m/libnosys.a(kill.o)
 .ARM.attributes
                0x00000000000002e8       0x2c /home/users/aag/code/gcc-arm-none-eabi-7-2018-q2-update/bin/../lib/gcc/arm-none-eabi/7.3.1/../../../../arm-none-eabi/lib/thumb/v6-m/libnosys.a(_exit.o)
 .ARM.attributes
                0x0000000000000314       0x1e /home/users/aag/code/gcc-arm-none-eabi-7-2018-q2-update/bin/../lib/gcc/arm-none-eabi/7.3.1/thumb/v6-m/crtn.o
OUTPUT(build/main.elf elf32-littlearm)

.debug_info     0x0000000000000000    0x1608a
 .debug_info    0x0000000000000000    0x16068 build/main.o
 .debug_info    0x0000000000016068       0x22 build/startup_stm32f030x6.o

.debug_abbrev   0x0000000000000000      0xf0a
 .debug_abbrev  0x0000000000000000      0xef8 build/main.o
 .debug_abbrev  0x0000000000000ef8       0x12 build/startup_stm32f030x6.o

.debug_loc      0x0000000000000000     0x3919
 .debug_loc     0x0000000000000000     0x3919 build/main.o

.debug_aranges  0x0000000000000000      0x8a0
 .debug_aranges
                0x0000000000000000      0x878 build/main.o
 .debug_aranges
                0x0000000000000878       0x28 build/startup_stm32f030x6.o

.debug_ranges   0x0000000000000000      0x888
 .debug_ranges  0x0000000000000000      0x868 build/main.o
 .debug_ranges  0x0000000000000868       0x20 build/startup_stm32f030x6.o

.debug_line     0x0000000000000000     0x20c2
 .debug_line    0x0000000000000000     0x2034 build/main.o
 .debug_line    0x0000000000002034       0x8e build/startup_stm32f030x6.o

.debug_str      0x0000000000000000    0x14788
 .debug_str     0x0000000000000000    0x1474e build/main.o
                                      0x14d98 (size before relaxing)
 .debug_str     0x000000000001474e       0x3a build/startup_stm32f030x6.o
                                         0x61 (size before relaxing)

.comment        0x0000000000000000       0x7f
 .comment       0x0000000000000000       0x7f build/main.o
                                         0x80 (size before relaxing)

.debug_frame    0x0000000000000000     0x2518
 .debug_frame   0x0000000000000000     0x21c8 build/main.o
 .debug_frame   0x00000000000021c8       0x40 /home/users/aag/code/gcc-arm-none-eabi-7-2018-q2-update/bin/../lib/gcc/arm-none-eabi/7.3.1/../../../../arm-none-eabi/lib/thumb/v6-m/libstdc++_nano.a(pure.o)
 .debug_frame   0x0000000000002208       0xb0 /home/users/aag/code/gcc-arm-none-eabi-7-2018-q2-update/bin/../lib/gcc/arm-none-eabi/7.3.1/../../../../arm-none-eabi/lib/thumb/v6-m/libstdc++_nano.a(eh_terminate.o)
 .debug_frame   0x00000000000022b8       0x28 /home/users/aag/code/gcc-arm-none-eabi-7-2018-q2-update/bin/../lib/gcc/arm-none-eabi/7.3.1/../../../../arm-none-eabi/lib/thumb/v6-m/libc_nano.a(lib_a-abort.o)
 .debug_frame   0x00000000000022e0       0x2c /home/users/aag/code/gcc-arm-none-eabi-7-2018-q2-update/bin/../lib/gcc/arm-none-eabi/7.3.1/../../../../arm-none-eabi/lib/thumb/v6-m/libc_nano.a(lib_a-init.o)
 .debug_frame   0x000000000000230c       0x20 /home/users/aag/code/gcc-arm-none-eabi-7-2018-q2-update/bin/../lib/gcc/arm-none-eabi/7.3.1/../../../../arm-none-eabi/lib/thumb/v6-m/libc_nano.a(lib_a-memset.o)
 .debug_frame   0x000000000000232c       0xe0 /home/users/aag/code/gcc-arm-none-eabi-7-2018-q2-update/bin/../lib/gcc/arm-none-eabi/7.3.1/../../../../arm-none-eabi/lib/thumb/v6-m/libc_nano.a(lib_a-signal.o)
 .debug_frame   0x000000000000240c       0x44 /home/users/aag/code/gcc-arm-none-eabi-7-2018-q2-update/bin/../lib/gcc/arm-none-eabi/7.3.1/../../../../arm-none-eabi/lib/thumb/v6-m/libc_nano.a(lib_a-signalr.o)
 .debug_frame   0x0000000000002450       0x48 /home/users/aag/code/gcc-arm-none-eabi-7-2018-q2-update/bin/../lib/gcc/arm-none-eabi/7.3.1/../../../../arm-none-eabi/lib/thumb/v6-m/libc_nano.a(lib_a-reent.o)
 .debug_frame   0x0000000000002498       0x20 /home/users/aag/code/gcc-arm-none-eabi-7-2018-q2-update/bin/../lib/gcc/arm-none-eabi/7.3.1/thumb/v6-m/libgcc.a(_udivsi3.o)
 .debug_frame   0x00000000000024b8       0x20 /home/users/aag/code/gcc-arm-none-eabi-7-2018-q2-update/bin/../lib/gcc/arm-none-eabi/7.3.1/../../../../arm-none-eabi/lib/thumb/v6-m/libnosys.a(getpid.o)
 .debug_frame   0x00000000000024d8       0x20 /home/users/aag/code/gcc-arm-none-eabi-7-2018-q2-update/bin/../lib/gcc/arm-none-eabi/7.3.1/../../../../arm-none-eabi/lib/thumb/v6-m/libnosys.a(kill.o)
 .debug_frame   0x00000000000024f8       0x20 /home/users/aag/code/gcc-arm-none-eabi-7-2018-q2-update/bin/../lib/gcc/arm-none-eabi/7.3.1/../../../../arm-none-eabi/lib/thumb/v6-m/libnosys.a(_exit.o)

.stab           0x0000000000000000       0x3c
 .stab          0x0000000000000000       0x24 /home/users/aag/code/gcc-arm-none-eabi-7-2018-q2-update/bin/../lib/gcc/arm-none-eabi/7.3.1/../../../../arm-none-eabi/lib/thumb/v6-m/libnosys.a(getpid.o)
 .stab          0x0000000000000024       0x18 /home/users/aag/code/gcc-arm-none-eabi-7-2018-q2-update/bin/../lib/gcc/arm-none-eabi/7.3.1/../../../../arm-none-eabi/lib/thumb/v6-m/libnosys.a(kill.o)
                                         0x24 (size before relaxing)

.stabstr        0x0000000000000000       0x76
 .stabstr       0x0000000000000000       0x76 /home/users/aag/code/gcc-arm-none-eabi-7-2018-q2-update/bin/../lib/gcc/arm-none-eabi/7.3.1/../../../../arm-none-eabi/lib/thumb/v6-m/libnosys.a(getpid.o)

Cross Reference Table

Symbol                                            File
ADC1_IRQHandler                                   build/startup_stm32f030x6.o
DMA1_Channel1_IRQHandler                          build/main.o
DMA1_Channel2_3_IRQHandler                        build/main.o
DMA1_Channel4_5_IRQHandler                        build/main.o
Default_Handler                                   build/startup_stm32f030x6.o
EXTI0_1_IRQHandler                                build/startup_stm32f030x6.o
EXTI2_3_IRQHandler                                build/startup_stm32f030x6.o
EXTI4_15_IRQHandler                               build/startup_stm32f030x6.o
FLASH_IRQHandler                                  build/startup_stm32f030x6.o
HardFault_Handler                                 build/startup_stm32f030x6.o
I2C1_IRQHandler                                   build/startup_stm32f030x6.o
Interrupt::Interrupt(IRQn_Type)                   build/main.o
Interrupt::Interrupt(IRQn_Type)                   build/main.o
Interrupt::enable()                               build/main.o
Interrupt::interrupt()                            build/main.o
Interrupt::subscribe(Interrupting*)               build/main.o
Interrupting::Interrupting()                      build/main.o